Archive member included to satisfy reference by file (symbol)

c:/program files/microchip/xc32/v2.41/bin/bin/../../lib/gcc/pic32c/6.2.1/../../../../pic32c/lib/v7e-m/fpv5/hard\libpic32c.a(data_init.o)
                              build/default/debug/_ext/1171490990/startup_xc32.o (__pic32c_data_initialization)
c:/program files/microchip/xc32/v2.41/bin/bin/../../lib/gcc/pic32c/6.2.1/../../../../pic32c/lib/v7e-m/fpv5/hard\libg_nano.a(lib_a-init.o)
                              build/default/debug/_ext/1171490990/startup_xc32.o (__libc_init_array)
c:/program files/microchip/xc32/v2.41/bin/bin/../../lib/gcc/pic32c/6.2.1/../../../../pic32c/lib/v7e-m/fpv5/hard\libg_nano.a(lib_a-memcmp.o)
                              build/default/debug/_ext/1360937237/aws_bootloader.o (memcmp)
c:/program files/microchip/xc32/v2.41/bin/bin/../../lib/gcc/pic32c/6.2.1/../../../../pic32c/lib/v7e-m/fpv5/hard\libg_nano.a(lib_a-memcpy-stub.o)
                              build/default/debug/_ext/60167248/plib_efc.o (memcpy)
c:/program files/microchip/xc32/v2.41/bin/bin/../../lib/gcc/pic32c/6.2.1/../../../../pic32c/lib/v7e-m/fpv5/hard\libg_nano.a(lib_a-memset.o)
                              build/default/debug/_ext/101884895/sys_time.o (memset)
c:/program files/microchip/xc32/v2.41/bin/bin/../../lib/gcc/pic32c/6.2.1/../../../../pic32c/lib/v7e-m/fpv5/hard\libg_nano.a(_lib_a-printf.cdnopsuxX.o)
                              (_printf_cdnopsuxX)
c:/program files/microchip/xc32/v2.41/bin/bin/../../lib/gcc/pic32c/6.2.1/../../../../pic32c/lib/v7e-m/fpv5/hard\libg_nano.a(lib_a-puts.o)
                              build/default/debug/_ext/1360937237/aws_bootloader.o (puts)
c:/program files/microchip/xc32/v2.41/bin/bin/../../lib/gcc/pic32c/6.2.1/../../../../pic32c/lib/v7e-m/fpv5/hard\libg_nano.a(lib_a-strncpy.o)
                              build/default/debug/_ext/1360937237/aws_bootloader.o (strncpy)
c:/program files/microchip/xc32/v2.41/bin/bin/../../lib/gcc/pic32c/6.2.1/../../../../pic32c/lib/v7e-m/fpv5/hard\libg_nano.a(lib_a-wbuf.o)
                              c:/program files/microchip/xc32/v2.41/bin/bin/../../lib/gcc/pic32c/6.2.1/../../../../pic32c/lib/v7e-m/fpv5/hard\libg_nano.a(lib_a-puts.o) (__swbuf_r)
c:/program files/microchip/xc32/v2.41/bin/bin/../../lib/gcc/pic32c/6.2.1/../../../../pic32c/lib/v7e-m/fpv5/hard\libg_nano.a(lib_a-wsetup.o)
                              c:/program files/microchip/xc32/v2.41/bin/bin/../../lib/gcc/pic32c/6.2.1/../../../../pic32c/lib/v7e-m/fpv5/hard\libg_nano.a(lib_a-puts.o) (__swsetup_r)
c:/program files/microchip/xc32/v2.41/bin/bin/../../lib/gcc/pic32c/6.2.1/../../../../pic32c/lib/v7e-m/fpv5/hard\libg_nano.a(lib_a-fflush.o)
                              c:/program files/microchip/xc32/v2.41/bin/bin/../../lib/gcc/pic32c/6.2.1/../../../../pic32c/lib/v7e-m/fpv5/hard\libg_nano.a(lib_a-wbuf.o) (_fflush_r)
c:/program files/microchip/xc32/v2.41/bin/bin/../../lib/gcc/pic32c/6.2.1/../../../../pic32c/lib/v7e-m/fpv5/hard\libg_nano.a(lib_a-findfp.o)
                              c:/program files/microchip/xc32/v2.41/bin/bin/../../lib/gcc/pic32c/6.2.1/../../../../pic32c/lib/v7e-m/fpv5/hard\libg_nano.a(lib_a-puts.o) (__sinit)
c:/program files/microchip/xc32/v2.41/bin/bin/../../lib/gcc/pic32c/6.2.1/../../../../pic32c/lib/v7e-m/fpv5/hard\libg_nano.a(lib_a-fwalk.o)
                              c:/program files/microchip/xc32/v2.41/bin/bin/../../lib/gcc/pic32c/6.2.1/../../../../pic32c/lib/v7e-m/fpv5/hard\libg_nano.a(lib_a-fflush.o) (_fwalk_reent)
c:/program files/microchip/xc32/v2.41/bin/bin/../../lib/gcc/pic32c/6.2.1/../../../../pic32c/lib/v7e-m/fpv5/hard\libg_nano.a(lib_a-impure.o)
                              c:/program files/microchip/xc32/v2.41/bin/bin/../../lib/gcc/pic32c/6.2.1/../../../../pic32c/lib/v7e-m/fpv5/hard\libg_nano.a(lib_a-fflush.o) (_global_impure_ptr)
c:/program files/microchip/xc32/v2.41/bin/bin/../../lib/gcc/pic32c/6.2.1/../../../../pic32c/lib/v7e-m/fpv5/hard\libg_nano.a(lib_a-makebuf.o)
                              c:/program files/microchip/xc32/v2.41/bin/bin/../../lib/gcc/pic32c/6.2.1/../../../../pic32c/lib/v7e-m/fpv5/hard\libg_nano.a(lib_a-wsetup.o) (__smakebuf_r)
c:/program files/microchip/xc32/v2.41/bin/bin/../../lib/gcc/pic32c/6.2.1/../../../../pic32c/lib/v7e-m/fpv5/hard\libg_nano.a(lib_a-nano-freer.o)
                              c:/program files/microchip/xc32/v2.41/bin/bin/../../lib/gcc/pic32c/6.2.1/../../../../pic32c/lib/v7e-m/fpv5/hard\libg_nano.a(lib_a-wsetup.o) (_free_r)
c:/program files/microchip/xc32/v2.41/bin/bin/../../lib/gcc/pic32c/6.2.1/../../../../pic32c/lib/v7e-m/fpv5/hard\libg_nano.a(lib_a-nano-mallocr.o)
                              c:/program files/microchip/xc32/v2.41/bin/bin/../../lib/gcc/pic32c/6.2.1/../../../../pic32c/lib/v7e-m/fpv5/hard\libg_nano.a(lib_a-findfp.o) (_malloc_r)
c:/program files/microchip/xc32/v2.41/bin/bin/../../lib/gcc/pic32c/6.2.1/../../../../pic32c/lib/v7e-m/fpv5/hard\libg_nano.a(_lib_a-nano-vfprintf.cdnopsuxX.o)
[...]
Memory Configuration

Name             Origin             Length             Attributes
rom              0x00400000         0x00010000         xr
ram              0x20400000         0x00060000         xrw
*default*        0x00000000         0xffffffff

Linker script and memory map

LOAD c:/program files/microchip/xc32/v2.41/bin/bin/../../lib/gcc/pic32c/6.2.1/v7e-m/fpv5/hard/crti.o
LOAD c:/program files/microchip/xc32/v2.41/bin/bin/../../lib/gcc/pic32c/6.2.1/v7e-m/fpv5/hard/crtbegin.o
LOAD build/default/debug/_ext/60165520/plib_clk.o
LOAD build/default/debug/_ext/60167248/plib_efc.o
LOAD build/default/debug/_ext/1865468468/plib_nvic.o
LOAD build/default/debug/_ext/60177924/plib_pio.o
LOAD build/default/debug/_ext/60180192/plib_rtt.o
LOAD build/default/debug/_ext/2001315827/plib_usart1.o
LOAD build/default/debug/_ext/163028504/xc32_monitor.o
LOAD build/default/debug/_ext/1881668453/sys_int.o
LOAD build/default/debug/_ext/101884895/sys_time.o
LOAD build/default/debug/_ext/1171490990/initialization.o
LOAD build/default/debug/_ext/1171490990/interrupts.o
LOAD build/default/debug/_ext/1171490990/exceptions.o
LOAD build/default/debug/_ext/1171490990/startup_xc32.o
LOAD build/default/debug/_ext/1171490990/libc_syscalls.o
LOAD build/default/debug/_ext/1171490990/tasks.o
LOAD build/default/debug/_ext/1360937237/aws_bootloader.o
LOAD build/default/debug/_ext/1360937237/aws_crc.o
LOAD build/default/debug/_ext/1360937237/aws_nvm.o
LOAD build/default/debug/_ext/1360937237/main.o
LOAD build/default/debug/_ext/1360937237/app.o
                0x00000001                __MPLAB_BUILD = 0x1

.vectors        0x00400000      0x168
                0x00400000                . = ALIGN (0x4)
                0x00400000                _sfixed = .
 *(.vectors .vectors.*)
 .vectors       0x00400000      0x168 build/default/debug/_ext/1171490990/interrupts.o
                0x00400000                exception_table

.text           0x00400168       0x20
                0x00400168                . = ALIGN (0x4)
 *(.glue_7t)
 .glue_7t       0x00400168        0x0 linker stubs
 *(.glue_7)
 .glue_7        0x00400168        0x0 linker stubs
 *(.gnu.linkonce.r.*)
 *(.ARM.extab* .gnu.linkonce.armextab.*)
                0x00400168                . = ALIGN (0x4)
 *(.init)
 .init          0x00400168        0x4 c:/program files/microchip/xc32/v2.41/bin/bin/../../lib/gcc/pic32c/6.2.1/v7e-m/fpv5/hard/crti.o
                0x00400168                _init
 .init          0x0040016c        0x8 c:/program files/microchip/xc32/v2.41/bin/bin/../../lib/gcc/pic32c/6.2.1/v7e-m/fpv5/hard/crtn.o
                0x00400174                . = ALIGN (0x4)
                0x00400174                __preinit_array_start = .
 *(.preinit_array)
                0x00400174                __preinit_array_end = .
                0x00400174                . = ALIGN (0x4)
                0x00400174                __init_array_start = .
 *(SORT(.init_array.*))
 *(.init_array)
 .init_array    0x00400174        0x4 c:/program files/microchip/xc32/v2.41/bin/bin/../../lib/gcc/pic32c/6.2.1/v7e-m/fpv5/hard/crtbegin.o
                0x00400178                __init_array_end = .
                0x00400178                . = ALIGN (0x4)
 *crtbegin.o(.ctors)
 *(EXCLUDE_FILE(*crtend.o) .ctors)
 *(SORT(.ctors.*))
 *crtend.o(.ctors)
                0x00400178                . = ALIGN (0x4)
 *(.fini)
 .fini          0x00400178        0x4 c:/program files/microchip/xc32/v2.41/bin/bin/../../lib/gcc/pic32c/6.2.1/v7e-m/fpv5/hard/crti.o
                0x00400178                _fini
 .fini          0x0040017c        0x8 c:/program files/microchip/xc32/v2.41/bin/bin/../../lib/gcc/pic32c/6.2.1/v7e-m/fpv5/hard/crtn.o
                0x00400184                . = ALIGN (0x4)
                0x00400184                __fini_array_start = .
 *(.fini_array)
 .fini_array    0x00400184        0x4 c:/program files/microchip/xc32/v2.41/bin/bin/../../lib/gcc/pic32c/6.2.1/v7e-m/fpv5/hard/crtbegin.o
 *(SORT(.fini_array.*))
                0x00400188                __fini_array_end = .
 *crtbegin.o(.dtors)
 *(EXCLUDE_FILE(*crtend.o) .dtors)
 *(SORT(.dtors.*))
 *crtend.o(.dtors)
                0x00400188                . = ALIGN (0x4)
                0x00400188                _efixed = .
                [!provide]                PROVIDE (__exidx_start, .)

.ARM.exidx
 *(.ARM.exidx* .gnu.linkonce.armexidx.*)
                [!provide]                PROVIDE (__exidx_end, .)
                0x00400188                . = ALIGN (0x4)
                0x00400188                _etext = .

.bss            0x20400000       0x28
                0x20400000                . = ALIGN (0x4)
                0x20400000                __bss_start__ = .
                0x20400000                _sbss = .
                0x20400000                _szero = .
 *(COMMON)
 COMMON         0x20400000        0x8 build/default/debug/_ext/60180192/plib_rtt.o
                0x20400000                rtt
 COMMON         0x20400008        0x4 build/default/debug/_ext/1171490990/initialization.o
                0x20400008                sysObj
 COMMON         0x2040000c       0x14 build/default/debug/_ext/1360937237/aws_bootloader.o
                0x2040000c                aws_launch_dcpt
 COMMON         0x20400020        0x1 build/default/debug/_ext/1360937237/app.o
                0x20400020                appData
 *fill*         0x20400021        0x3 
 COMMON         0x20400024        0x4 c:/program files/microchip/xc32/v2.41/bin/bin/../../lib/gcc/pic32c/6.2.1/../../../../pic32c/lib/v7e-m/fpv5/hard\libg_nano.a(lib_a-reent.o)
                0x20400024                errno
                0x20400028                . = ALIGN (0x4)
                0x20400028                __bss_end__ = .
                0x20400028                _ebss = .
                0x20400028                _ezero = .
                0x20400028                . = ALIGN (0x4)
                0x20400028                _end = .
                0x2045ffff                _ram_end_ = ((ORIGIN (ram) + LENGTH (ram)) - 0x1)
                0x00000001                __ICD2RAM = 0x1
                0x00000001                __MPLAB_DEBUG = 0x1
                0x00000001                __DEBUG = 0x1
                0x00000200                _min_heap_size = 0x200
                0x000007d0                _min_stack_size = 0x7d0
                0x00400000                ROM_ORIGIN = 0x400000
                0x00010000                ROM_LENGTH = 0x10000
START GROUP
LOAD c:/program files/microchip/xc32/v2.41/bin/bin/../../lib/gcc/pic32c/6.2.1/../../../../pic32c/lib/v7e-m/fpv5/hard\libpic32c.a
LOAD c:/program files/microchip/xc32/v2.41/bin/bin/../../lib/gcc/pic32c/6.2.1/v7e-m/fpv5/hard\libgcc.a
LOAD c:/program files/microchip/xc32/v2.41/bin/bin/../../lib/gcc/pic32c/6.2.1/../../../../pic32c/lib/v7e-m/fpv5/hard\libg_nano.a
LOAD c:/program files/microchip/xc32/v2.41/bin/bin/../../lib/gcc/pic32c/6.2.1/../../../../pic32c/lib/v7e-m/fpv5/hard\libm_nano.a
LOAD c:/program files/microchip/xc32/v2.41/bin/bin/../../lib/gcc/pic32c/6.2.1/../../../../pic32c/lib/v7e-m/fpv5/hard\libc_nano.a
END GROUP
LOAD c:/program files/microchip/xc32/v2.41/bin/bin/../../lib/gcc/pic32c/6.2.1/v7e-m/fpv5/hard/crtend.o
LOAD c:/program files/microchip/xc32/v2.41/bin/bin/../../lib/gcc/pic32c/6.2.1/v7e-m/fpv5/hard/crtn.o
OUTPUT(dist/default/debug/bootloader.X.debug.elf elf32-littlearm)
LOAD stack
LOAD data_init

.ARM.attributes
                0x00000000       0x2e
 .ARM.attributes
                0x00000000       0x20 c:/program files/microchip/xc32/v2.41/bin/bin/../../lib/gcc/pic32c/6.2.1/v7e-m/fpv5/hard/crti.o
 .ARM.attributes
                0x00000020       0x32 c:/program files/microchip/xc32/v2.41/bin/bin/../../lib/gcc/pic32c/6.2.1/v7e-m/fpv5/hard/crtbegin.o
 .ARM.attributes
                0x00000052       0x37 build/default/debug/_ext/60165520/plib_clk.o
 .ARM.attributes
                0x00000089       0x37 build/default/debug/_ext/60167248/plib_efc.o
 .ARM.attributes
                0x000000c0       0x37 build/default/debug/_ext/1865468468/plib_nvic.o
 .ARM.attributes
                0x000000f7       0x37 build/default/debug/_ext/60177924/plib_pio.o
 .ARM.attributes
                0x0000012e       0x37 build/default/debug/_ext/60180192/plib_rtt.o
 .ARM.attributes
                0x00000165       0x37 build/default/debug/_ext/2001315827/plib_usart1.o
 .ARM.attributes
                0x0000019c       0x37 build/default/debug/_ext/163028504/xc32_monitor.o
 .ARM.attributes
                0x000001d3       0x37 build/default/debug/_ext/1881668453/sys_int.o
 .ARM.attributes
                0x0000020a       0x37 build/default/debug/_ext/101884895/sys_time.o
 .ARM.attributes
                0x00000241       0x37 build/default/debug/_ext/1171490990/initialization.o
 .ARM.attributes
                0x00000278       0x37 build/default/debug/_ext/1171490990/interrupts.o
 .ARM.attributes
                0x000002af       0x37 build/default/debug/_ext/1171490990/exceptions.o
 .ARM.attributes
                0x000002e6       0x37 build/default/debug/_ext/1171490990/startup_xc32.o
 .ARM.attributes
                0x0000031d       0x37 build/default/debug/_ext/1171490990/tasks.o
 .ARM.attributes
                0x00000354       0x37 build/default/debug/_ext/1360937237/aws_bootloader.o
 .ARM.attributes
                0x0000038b       0x37 build/default/debug/_ext/1360937237/aws_crc.o
 .ARM.attributes
                0x000003c2       0x37 build/default/debug/_ext/1360937237/aws_nvm.o
 .ARM.attributes
                0x000003f9       0x37 build/default/debug/_ext/1360937237/main.o
 .ARM.attributes
                0x00000430       0x37 build/default/debug/_ext/1360937237/app.o
 .ARM.attributes
                0x00000467       0x32 c:/program files/microchip/xc32/v2.41/bin/bin/../../lib/gcc/pic32c/6.2.1/../../../../pic32c/lib/v7e-m/fpv5/hard\libpic32c.a(data_init.o)
 .ARM.attributes
                0x00000499       0x32 c:/program files/microchip/xc32/v2.41/bin/bin/../../lib/gcc/pic32c/6.2.1/../../../../pic32c/lib/v7e-m/fpv5/hard\libg_nano.a(lib_a-init.o)
 .ARM.attributes
                0x000004cb       0x32 c:/program files/microchip/xc32/v2.41/bin/bin/../../lib/gcc/pic32c/6.2.1/../../../../pic32c/lib/v7e-m/fpv5/hard\libg_nano.a(lib_a-memcmp.o)
 .ARM.attributes
                0x000004fd       0x32 c:/program files/microchip/xc32/v2.41/bin/bin/../../lib/gcc/pic32c/6.2.1/../../../../pic32c/lib/v7e-m/fpv5/hard\libg_nano.a(lib_a-memcpy-stub.o)
 .ARM.attributes
                0x0000052f       0x32 c:/program files/microchip/xc32/v2.41/bin/bin/../../lib/gcc/pic32c/6.2.1/../../../../pic32c/lib/v7e-m/fpv5/hard\libg_nano.a(lib_a-memset.o)
 .ARM.attributes
                0x00000561       0x32 c:/program files/microchip/xc32/v2.41/bin/bin/../../lib/gcc/pic32c/6.2.1/../../../../pic32c/lib/v7e-m/fpv5/hard\libg_nano.a(_lib_a-printf.cdnopsuxX.o)
 .ARM.attributes
                0x00000593       0x32 c:/program files/microchip/xc32/v2.41/bin/bin/../../lib/gcc/pic32c/6.2.1/../../../../pic32c/lib/v7e-m/fpv5/hard\libg_nano.a(lib_a-puts.o)
 .ARM.attributes
                0x000005c5       0x32 c:/program files/microchip/xc32/v2.41/bin/bin/../../lib/gcc/pic32c/6.2.1/../../../../pic32c/lib/v7e-m/fpv5/hard\libg_nano.a(lib_a-strncpy.o)
 .ARM.attributes
                0x000005f7       0x32 c:/program files/microchip/xc32/v2.41/bin/bin/../../lib/gcc/pic32c/6.2.1/../../../../pic32c/lib/v7e-m/fpv5/hard\libg_nano.a(lib_a-wbuf.o)
 .ARM.attributes
                0x00000629       0x32 c:/program files/microchip/xc32/v2.41/bin/bin/../../lib/gcc/pic32c/6.2.1/../../../../pic32c/lib/v7e-m/fpv5/hard\libg_nano.a(lib_a-wsetup.o)
 .ARM.attributes
                0x0000065b       0x32 c:/program files/microchip/xc32/v2.41/bin/bin/../../lib/gcc/pic32c/6.2.1/../../../../pic32c/lib/v7e-m/fpv5/hard\libg_nano.a(lib_a-fflush.o)
 .ARM.attributes
                0x0000068d       0x32 c:/program files/microchip/xc32/v2.41/bin/bin/../../lib/gcc/pic32c/6.2.1/../../../../pic32c/lib/v7e-m/fpv5/hard\libg_nano.a(lib_a-findfp.o)
 .ARM.attributes
                0x000006bf       0x32 c:/program files/microchip/xc32/v2.41/bin/bin/../../lib/gcc/pic32c/6.2.1/../../../../pic32c/lib/v7e-m/fpv5/hard\libg_nano.a(lib_a-fwalk.o)
 .ARM.attributes
                0x000006f1       0x32 c:/program files/microchip/xc32/v2.41/bin/bin/../../lib/gcc/pic32c/6.2.1/../../../../pic32c/lib/v7e-m/fpv5/hard\libg_nano.a(lib_a-impure.o)
 .ARM.attributes
                0x00000723       0x32 c:/program files/microchip/xc32/v2.41/bin/bin/../../lib/gcc/pic32c/6.2.1/../../../../pic32c/lib/v7e-m/fpv5/hard\libg_nano.a(lib_a-makebuf.o)
 .ARM.attributes
                0x00000755       0x32 c:/program files/microchip/xc32/v2.41/bin/bin/../../lib/gcc/pic32c/6.2.1/../../../../pic32c/lib/v7e-m/fpv5/hard\libg_nano.a(lib_a-nano-freer.o)
 .ARM.attributes
                0x00000787       0x32 c:/program files/microchip/xc32/v2.41/bin/bin/../../lib/gcc/pic32c/6.2.1/../../../../pic32c/lib/v7e-m/fpv5/hard\libg_nano.a(lib_a-nano-mallocr.o)
 .ARM.attributes
                0x000007b9       0x32 c:/program files/microchip/xc32/v2.41/bin/bin/../../lib/gcc/pic32c/6.2.1/../../../../pic32c/lib/v7e-m/fpv5/hard\libg_nano.a(_lib_a-nano-vfprintf.cdnopsuxX.o)
 .ARM.attributes
                0x000007eb       0x32 c:/program files/microchip/xc32/v2.41/bin/bin/../../lib/gcc/pic32c/6.2.1/../../../../pic32c/lib/v7e-m/fpv5/hard\libg_nano.a(lib_a-nano-vfprintf_i.o)
 .ARM.attributes
                0x0000081d       0x32 c:/program files/microchip/xc32/v2.41/bin/bin/../../lib/gcc/pic32c/6.2.1/../../../../pic32c/lib/v7e-m/fpv5/hard\libg_nano.a(lib_a-sbrkr.o)
 .ARM.attributes
                0x0000084f       0x32 c:/program files/microchip/xc32/v2.41/bin/bin/../../lib/gcc/pic32c/6.2.1/../../../../pic32c/lib/v7e-m/fpv5/hard\libg_nano.a(lib_a-__ssfputs.o)
 .ARM.attributes
                0x00000881       0x32 c:/program files/microchip/xc32/v2.41/bin/bin/../../lib/gcc/pic32c/6.2.1/../../../../pic32c/lib/v7e-m/fpv5/hard\libg_nano.a(lib_a-stdio.o)
 .ARM.attributes
                0x000008b3       0x32 c:/program files/microchip/xc32/v2.41/bin/bin/../../lib/gcc/pic32c/6.2.1/../../../../pic32c/lib/v7e-m/fpv5/hard\libg_nano.a(lib_a-writer.o)
 .ARM.attributes
                0x000008e5       0x32 c:/program files/microchip/xc32/v2.41/bin/bin/../../lib/gcc/pic32c/6.2.1/../../../../pic32c/lib/v7e-m/fpv5/hard\libg_nano.a(lib_a-closer.o)
 .ARM.attributes
                0x00000917       0x32 c:/program files/microchip/xc32/v2.41/bin/bin/../../lib/gcc/pic32c/6.2.1/../../../../pic32c/lib/v7e-m/fpv5/hard\libg_nano.a(lib_a-fputwc.o)
 .ARM.attributes
                0x00000949       0x32 c:/program files/microchip/xc32/v2.41/bin/bin/../../lib/gcc/pic32c/6.2.1/../../../../pic32c/lib/v7e-m/fpv5/hard\libg_nano.a(lib_a-fstatr.o)
 .ARM.attributes
                0x0000097b       0x32 c:/program files/microchip/xc32/v2.41/bin/bin/../../lib/gcc/pic32c/6.2.1/../../../../pic32c/lib/v7e-m/fpv5/hard\libg_nano.a(lib_a-isattyr.o)
 .ARM.attributes
                0x000009ad       0x32 c:/program files/microchip/xc32/v2.41/bin/bin/../../lib/gcc/pic32c/6.2.1/../../../../pic32c/lib/v7e-m/fpv5/hard\libg_nano.a(lib_a-locale.o)
 .ARM.attributes
                0x000009df       0x32 c:/program files/microchip/xc32/v2.41/bin/bin/../../lib/gcc/pic32c/6.2.1/../../../../pic32c/lib/v7e-m/fpv5/hard\libg_nano.a(lib_a-lseekr.o)
 .ARM.attributes
                0x00000a11       0x32 c:/program files/microchip/xc32/v2.41/bin/bin/../../lib/gcc/pic32c/6.2.1/../../../../pic32c/lib/v7e-m/fpv5/hard\libg_nano.a(lib_a-mbtowc_r.o)
 .ARM.attributes
                0x00000a43       0x1e c:/program files/microchip/xc32/v2.41/bin/bin/../../lib/gcc/pic32c/6.2.1/../../../../pic32c/lib/v7e-m/fpv5/hard\libg_nano.a(lib_a-memchr.o)
 .ARM.attributes
                0x00000a61       0x32 c:/program files/microchip/xc32/v2.41/bin/bin/../../lib/gcc/pic32c/6.2.1/../../../../pic32c/lib/v7e-m/fpv5/hard\libg_nano.a(lib_a-mlock.o)
 .ARM.attributes
                0x00000a93       0x32 c:/program files/microchip/xc32/v2.41/bin/bin/../../lib/gcc/pic32c/6.2.1/../../../../pic32c/lib/v7e-m/fpv5/hard\libg_nano.a(lib_a-readr.o)
 .ARM.attributes
                0x00000ac5       0x32 c:/program files/microchip/xc32/v2.41/bin/bin/../../lib/gcc/pic32c/6.2.1/../../../../pic32c/lib/v7e-m/fpv5/hard\libg_nano.a(lib_a-reent.o)
 .ARM.attributes
                0x00000af7       0x32 c:/program files/microchip/xc32/v2.41/bin/bin/../../lib/gcc/pic32c/6.2.1/../../../../pic32c/lib/v7e-m/fpv5/hard\libg_nano.a(lib_a-wcrtomb.o)
 .ARM.attributes
                0x00000b29       0x32 c:/program files/microchip/xc32/v2.41/bin/bin/../../lib/gcc/pic32c/6.2.1/../../../../pic32c/lib/v7e-m/fpv5/hard\libg_nano.a(lib_a-wctomb_r.o)
 .ARM.attributes
                0x00000b5b       0x32 c:/program files/microchip/xc32/v2.41/bin/bin/../../lib/gcc/pic32c/6.2.1/../../../../pic32c/lib/v7e-m/fpv5/hard\libg_nano.a(lib_a-ctype_.o)
 .ARM.attributes
                0x00000b8d       0x32 c:/program files/microchip/xc32/v2.41/bin/bin/../../lib/gcc/pic32c/6.2.1/../../../../pic32c/lib/v7e-m/fpv5/hard\libpic32c.a(_close.o)
 .ARM.attributes
                0x00000bbf       0x32 c:/program files/microchip/xc32/v2.41/bin/bin/../../lib/gcc/pic32c/6.2.1/../../../../pic32c/lib/v7e-m/fpv5/hard\libpic32c.a(_fstat.o)
 .ARM.attributes
                0x00000bf1       0x32 c:/program files/microchip/xc32/v2.41/bin/bin/../../lib/gcc/pic32c/6.2.1/../../../../pic32c/lib/v7e-m/fpv5/hard\libpic32c.a(_isatty.o)
 .ARM.attributes
                0x00000c23       0x32 c:/program files/microchip/xc32/v2.41/bin/bin/../../lib/gcc/pic32c/6.2.1/../../../../pic32c/lib/v7e-m/fpv5/hard\libpic32c.a(_lseek.o)
 .ARM.attributes
                0x00000c55       0x32 c:/program files/microchip/xc32/v2.41/bin/bin/../../lib/gcc/pic32c/6.2.1/../../../../pic32c/lib/v7e-m/fpv5/hard\libpic32c.a(_read.o)
 .ARM.attributes
                0x00000c87       0x32 c:/program files/microchip/xc32/v2.41/bin/bin/../../lib/gcc/pic32c/6.2.1/../../../../pic32c/lib/v7e-m/fpv5/hard\libpic32c.a(sbrk.o)
 .ARM.attributes
                0x00000cb9       0x32 c:/program files/microchip/xc32/v2.41/bin/bin/../../lib/gcc/pic32c/6.2.1/../../../../pic32c/lib/v7e-m/fpv5/hard\libpic32c.a(_write.o)
 .ARM.attributes
                0x00000ceb       0x32 c:/program files/microchip/xc32/v2.41/bin/bin/../../lib/gcc/pic32c/6.2.1/../../../../pic32c/lib/v7e-m/fpv5/hard\libpic32c.a(close.o)
 .ARM.attributes
                0x00000d1d       0x32 c:/program files/microchip/xc32/v2.41/bin/bin/../../lib/gcc/pic32c/6.2.1/../../../../pic32c/lib/v7e-m/fpv5/hard\libpic32c.a(fstat.o)
 .ARM.attributes
                0x00000d4f       0x32 c:/program files/microchip/xc32/v2.41/bin/bin/../../lib/gcc/pic32c/6.2.1/../../../../pic32c/lib/v7e-m/fpv5/hard\libpic32c.a(isatty.o)
 .ARM.attributes
                0x00000d81       0x32 c:/program files/microchip/xc32/v2.41/bin/bin/../../lib/gcc/pic32c/6.2.1/../../../../pic32c/lib/v7e-m/fpv5/hard\libpic32c.a(lseek.o)
 .ARM.attributes
                0x00000db3       0x32 c:/program files/microchip/xc32/v2.41/bin/bin/../../lib/gcc/pic32c/6.2.1/../../../../pic32c/lib/v7e-m/fpv5/hard\libpic32c.a(read.o)
 .ARM.attributes
                0x00000de5       0x32 c:/program files/microchip/xc32/v2.41/bin/bin/../../lib/gcc/pic32c/6.2.1/../../../../pic32c/lib/v7e-m/fpv5/hard\libpic32c.a(write.o)
 .ARM.attributes
                0x00000e17       0x20 c:/program files/microchip/xc32/v2.41/bin/bin/../../lib/gcc/pic32c/6.2.1/v7e-m/fpv5/hard/crtn.o

.comment        0x00000000       0x3c
 .comment       0x00000000       0x3c c:/program files/microchip/xc32/v2.41/bin/bin/../../lib/gcc/pic32c/6.2.1/v7e-m/fpv5/hard/crtbegin.o
                                 0x3d (size before relaxing)
 .comment       0x0000003c       0x3d build/default/debug/_ext/60165520/plib_clk.o
 .comment       0x0000003c       0x3d build/default/debug/_ext/60167248/plib_efc.o
 .comment       0x0000003c       0x3d build/default/debug/_ext/1865468468/plib_nvic.o
 .comment       0x0000003c       0x3d build/default/debug/_ext/60177924/plib_pio.o
 .comment       0x0000003c       0x3d build/default/debug/_ext/60180192/plib_rtt.o
 .comment       0x0000003c       0x3d build/default/debug/_ext/2001315827/plib_usart1.o
 .comment       0x0000003c       0x3d build/default/debug/_ext/163028504/xc32_monitor.o
 .comment       0x0000003c       0x3d build/default/debug/_ext/1881668453/sys_int.o
 .comment       0x0000003c       0x3d build/default/debug/_ext/101884895/sys_time.o
 .comment       0x0000003c       0x3d build/default/debug/_ext/1171490990/initialization.o
 .comment       0x0000003c       0x3d build/default/debug/_ext/1171490990/interrupts.o
 .comment       0x0000003c       0x3d build/default/debug/_ext/1171490990/exceptions.o
 .comment       0x0000003c       0x3d build/default/debug/_ext/1171490990/startup_xc32.o
 .comment       0x0000003c       0x3d build/default/debug/_ext/1171490990/tasks.o
 .comment       0x0000003c       0x3d build/default/debug/_ext/1360937237/aws_bootloader.o
 .comment       0x0000003c       0x3d build/default/debug/_ext/1360937237/aws_crc.o
 .comment       0x0000003c       0x3d build/default/debug/_ext/1360937237/aws_nvm.o
 .comment       0x0000003c       0x3d build/default/debug/_ext/1360937237/main.o
 .comment       0x0000003c       0x3d build/default/debug/_ext/1360937237/app.o
 .comment       0x0000003c       0x3d c:/program files/microchip/xc32/v2.41/bin/bin/../../lib/gcc/pic32c/6.2.1/../../../../pic32c/lib/v7e-m/fpv5/hard\libpic32c.a(data_init.o)
 .comment       0x0000003c       0x3d c:/program files/microchip/xc32/v2.41/bin/bin/../../lib/gcc/pic32c/6.2.1/../../../../pic32c/lib/v7e-m/fpv5/hard\libg_nano.a(lib_a-init.o)
 .comment       0x0000003c       0x3d c:/program files/microchip/xc32/v2.41/bin/bin/../../lib/gcc/pic32c/6.2.1/../../../../pic32c/lib/v7e-m/fpv5/hard\libg_nano.a(lib_a-memcmp.o)
 .comment       0x0000003c       0x3d c:/program files/microchip/xc32/v2.41/bin/bin/../../lib/gcc/pic32c/6.2.1/../../../../pic32c/lib/v7e-m/fpv5/hard\libg_nano.a(lib_a-memcpy-stub.o)
 .comment       0x0000003c       0x3d c:/program files/microchip/xc32/v2.41/bin/bin/../../lib/gcc/pic32c/6.2.1/../../../../pic32c/lib/v7e-m/fpv5/hard\libg_nano.a(lib_a-memset.o)
 .comment       0x0000003c       0x3d c:/program files/microchip/xc32/v2.41/bin/bin/../../lib/gcc/pic32c/6.2.1/../../../../pic32c/lib/v7e-m/fpv5/hard\libg_nano.a(_lib_a-printf.cdnopsuxX.o)
 .comment       0x0000003c       0x3d c:/program files/microchip/xc32/v2.41/bin/bin/../../lib/gcc/pic32c/6.2.1/../../../../pic32c/lib/v7e-m/fpv5/hard\libg_nano.a(lib_a-puts.o)
 .comment       0x0000003c       0x3d c:/program files/microchip/xc32/v2.41/bin/bin/../../lib/gcc/pic32c/6.2.1/../../../../pic32c/lib/v7e-m/fpv5/hard\libg_nano.a(lib_a-strncpy.o)
 .comment       0x0000003c       0x3d c:/program files/microchip/xc32/v2.41/bin/bin/../../lib/gcc/pic32c/6.2.1/../../../../pic32c/lib/v7e-m/fpv5/hard\libg_nano.a(lib_a-wbuf.o)
 .comment       0x0000003c       0x3d c:/program files/microchip/xc32/v2.41/bin/bin/../../lib/gcc/pic32c/6.2.1/../../../../pic32c/lib/v7e-m/fpv5/hard\libg_nano.a(lib_a-wsetup.o)
 .comment       0x0000003c       0x3d c:/program files/microchip/xc32/v2.41/bin/bin/../../lib/gcc/pic32c/6.2.1/../../../../pic32c/lib/v7e-m/fpv5/hard\libg_nano.a(lib_a-fflush.o)
 .comment       0x0000003c       0x3d c:/program files/microchip/xc32/v2.41/bin/bin/../../lib/gcc/pic32c/6.2.1/../../../../pic32c/lib/v7e-m/fpv5/hard\libg_nano.a(lib_a-findfp.o)
 .comment       0x0000003c       0x3d c:/program files/microchip/xc32/v2.41/bin/bin/../../lib/gcc/pic32c/6.2.1/../../../../pic32c/lib/v7e-m/fpv5/hard\libg_nano.a(lib_a-fwalk.o)
 .comment       0x0000003c       0x3d c:/program files/microchip/xc32/v2.41/bin/bin/../../lib/gcc/pic32c/6.2.1/../../../../pic32c/lib/v7e-m/fpv5/hard\libg_nano.a(lib_a-impure.o)
 .comment       0x0000003c       0x3d c:/program files/microchip/xc32/v2.41/bin/bin/../../lib/gcc/pic32c/6.2.1/../../../../pic32c/lib/v7e-m/fpv5/hard\libg_nano.a(lib_a-makebuf.o)
 .comment       0x0000003c       0x3d c:/program files/microchip/xc32/v2.41/bin/bin/../../lib/gcc/pic32c/6.2.1/../../../../pic32c/lib/v7e-m/fpv5/hard\libg_nano.a(lib_a-nano-freer.o)
 .comment       0x0000003c       0x3d c:/program files/microchip/xc32/v2.41/bin/bin/../../lib/gcc/pic32c/6.2.1/../../../../pic32c/lib/v7e-m/fpv5/hard\libg_nano.a(lib_a-nano-mallocr.o)
 .comment       0x0000003c       0x3d c:/program files/microchip/xc32/v2.41/bin/bin/../../lib/gcc/pic32c/6.2.1/../../../../pic32c/lib/v7e-m/fpv5/hard\libg_nano.a(_lib_a-nano-vfprintf.cdnopsuxX.o)
 .comment       0x0000003c       0x3d c:/program files/microchip/xc32/v2.41/bin/bin/../../lib/gcc/pic32c/6.2.1/../../../../pic32c/lib/v7e-m/fpv5/hard\libg_nano.a(lib_a-nano-vfprintf_i.o)
 .comment       0x0000003c       0x3d c:/program files/microchip/xc32/v2.41/bin/bin/../../lib/gcc/pic32c/6.2.1/../../../../pic32c/lib/v7e-m/fpv5/hard\libg_nano.a(lib_a-sbrkr.o)
 .comment       0x0000003c       0x3d c:/program files/microchip/xc32/v2.41/bin/bin/../../lib/gcc/pic32c/6.2.1/../../../../pic32c/lib/v7e-m/fpv5/hard\libg_nano.a(lib_a-__ssfputs.o)
 .comment       0x0000003c       0x3d c:/program files/microchip/xc32/v2.41/bin/bin/../../lib/gcc/pic32c/6.2.1/../../../../pic32c/lib/v7e-m/fpv5/hard\libg_nano.a(lib_a-stdio.o)
 .comment       0x0000003c       0x3d c:/program files/microchip/xc32/v2.41/bin/bin/../../lib/gcc/pic32c/6.2.1/../../../../pic32c/lib/v7e-m/fpv5/hard\libg_nano.a(lib_a-writer.o)
 .comment       0x0000003c       0x3d c:/program files/microchip/xc32/v2.41/bin/bin/../../lib/gcc/pic32c/6.2.1/../../../../pic32c/lib/v7e-m/fpv5/hard\libg_nano.a(lib_a-closer.o)
 .comment       0x0000003c       0x3d c:/program files/microchip/xc32/v2.41/bin/bin/../../lib/gcc/pic32c/6.2.1/../../../../pic32c/lib/v7e-m/fpv5/hard\libg_nano.a(lib_a-fputwc.o)
 .comment       0x0000003c       0x3d c:/program files/microchip/xc32/v2.41/bin/bin/../../lib/gcc/pic32c/6.2.1/../../../../pic32c/lib/v7e-m/fpv5/hard\libg_nano.a(lib_a-fstatr.o)
 .comment       0x0000003c       0x3d c:/program files/microchip/xc32/v2.41/bin/bin/../../lib/gcc/pic32c/6.2.1/../../../../pic32c/lib/v7e-m/fpv5/hard\libg_nano.a(lib_a-isattyr.o)
 .comment       0x0000003c       0x3d c:/program files/microchip/xc32/v2.41/bin/bin/../../lib/gcc/pic32c/6.2.1/../../../../pic32c/lib/v7e-m/fpv5/hard\libg_nano.a(lib_a-locale.o)
 .comment       0x0000003c       0x3d c:/program files/microchip/xc32/v2.41/bin/bin/../../lib/gcc/pic32c/6.2.1/../../../../pic32c/lib/v7e-m/fpv5/hard\libg_nano.a(lib_a-lseekr.o)
 .comment       0x0000003c       0x3d c:/program files/microchip/xc32/v2.41/bin/bin/../../lib/gcc/pic32c/6.2.1/../../../../pic32c/lib/v7e-m/fpv5/hard\libg_nano.a(lib_a-mbtowc_r.o)
 .comment       0x0000003c       0x3d c:/program files/microchip/xc32/v2.41/bin/bin/../../lib/gcc/pic32c/6.2.1/../../../../pic32c/lib/v7e-m/fpv5/hard\libg_nano.a(lib_a-mlock.o)
 .comment       0x0000003c       0x3d c:/program files/microchip/xc32/v2.41/bin/bin/../../lib/gcc/pic32c/6.2.1/../../../../pic32c/lib/v7e-m/fpv5/hard\libg_nano.a(lib_a-readr.o)
 .comment       0x0000003c       0x3d c:/program files/microchip/xc32/v2.41/bin/bin/../../lib/gcc/pic32c/6.2.1/../../../../pic32c/lib/v7e-m/fpv5/hard\libg_nano.a(lib_a-reent.o)
 .comment       0x0000003c       0x3d c:/program files/microchip/xc32/v2.41/bin/bin/../../lib/gcc/pic32c/6.2.1/../../../../pic32c/lib/v7e-m/fpv5/hard\libg_nano.a(lib_a-wcrtomb.o)
 .comment       0x0000003c       0x3d c:/program files/microchip/xc32/v2.41/bin/bin/../../lib/gcc/pic32c/6.2.1/../../../../pic32c/lib/v7e-m/fpv5/hard\libg_nano.a(lib_a-wctomb_r.o)
 .comment       0x0000003c       0x3d c:/program files/microchip/xc32/v2.41/bin/bin/../../lib/gcc/pic32c/6.2.1/../../../../pic32c/lib/v7e-m/fpv5/hard\libg_nano.a(lib_a-ctype_.o)
 .comment       0x0000003c       0x3d c:/program files/microchip/xc32/v2.41/bin/bin/../../lib/gcc/pic32c/6.2.1/../../../../pic32c/lib/v7e-m/fpv5/hard\libpic32c.a(_close.o)
 .comment       0x0000003c       0x3d c:/program files/microchip/xc32/v2.41/bin/bin/../../lib/gcc/pic32c/6.2.1/../../../../pic32c/lib/v7e-m/fpv5/hard\libpic32c.a(_fstat.o)
 .comment       0x0000003c       0x3d c:/program files/microchip/xc32/v2.41/bin/bin/../../lib/gcc/pic32c/6.2.1/../../../../pic32c/lib/v7e-m/fpv5/hard\libpic32c.a(_isatty.o)
 .comment       0x0000003c       0x3d c:/program files/microchip/xc32/v2.41/bin/bin/../../lib/gcc/pic32c/6.2.1/../../../../pic32c/lib/v7e-m/fpv5/hard\libpic32c.a(_lseek.o)
 .comment       0x0000003c       0x3d c:/program files/microchip/xc32/v2.41/bin/bin/../../lib/gcc/pic32c/6.2.1/../../../../pic32c/lib/v7e-m/fpv5/hard\libpic32c.a(_read.o)
 .comment       0x0000003c       0x3d c:/program files/microchip/xc32/v2.41/bin/bin/../../lib/gcc/pic32c/6.2.1/../../../../pic32c/lib/v7e-m/fpv5/hard\libpic32c.a(sbrk.o)
 .comment       0x0000003c       0x3d c:/program files/microchip/xc32/v2.41/bin/bin/../../lib/gcc/pic32c/6.2.1/../../../../pic32c/lib/v7e-m/fpv5/hard\libpic32c.a(_write.o)
 .comment       0x0000003c       0x3d c:/program files/microchip/xc32/v2.41/bin/bin/../../lib/gcc/pic32c/6.2.1/../../../../pic32c/lib/v7e-m/fpv5/hard\libpic32c.a(close.o)
 .comment       0x0000003c       0x3d c:/program files/microchip/xc32/v2.41/bin/bin/../../lib/gcc/pic32c/6.2.1/../../../../pic32c/lib/v7e-m/fpv5/hard\libpic32c.a(fstat.o)
 .comment       0x0000003c       0x3d c:/program files/microchip/xc32/v2.41/bin/bin/../../lib/gcc/pic32c/6.2.1/../../../../pic32c/lib/v7e-m/fpv5/hard\libpic32c.a(isatty.o)
 .comment       0x0000003c       0x3d c:/program files/microchip/xc32/v2.41/bin/bin/../../lib/gcc/pic32c/6.2.1/../../../../pic32c/lib/v7e-m/fpv5/hard\libpic32c.a(lseek.o)
 .comment       0x0000003c       0x3d c:/program files/microchip/xc32/v2.41/bin/bin/../../lib/gcc/pic32c/6.2.1/../../../../pic32c/lib/v7e-m/fpv5/hard\libpic32c.a(read.o)
 .comment       0x0000003c       0x3d c:/program files/microchip/xc32/v2.41/bin/bin/../../lib/gcc/pic32c/6.2.1/../../../../pic32c/lib/v7e-m/fpv5/hard\libpic32c.a(write.o)

.debug_info     0x00000000    0x40fc3
 .debug_info    0x00000000      0x86f build/default/debug/_ext/60165520/plib_clk.o
 .debug_info    0x0000086f     0x12ad build/default/debug/_ext/60167248/plib_efc.o
 .debug_info    0x00001b1c      0xf09 build/default/debug/_ext/1865468468/plib_nvic.o
 .debug_info    0x00002a25      0xf0e build/default/debug/_ext/60177924/plib_pio.o
 .debug_info    0x00003933      0x777 build/default/debug/_ext/60180192/plib_rtt.o
 .debug_info    0x000040aa      0xcb7 build/default/debug/_ext/2001315827/plib_usart1.o
 .debug_info    0x00004d61      0xf8b build/default/debug/_ext/163028504/xc32_monitor.o
 .debug_info    0x00005cec      0xcc3 build/default/debug/_ext/1881668453/sys_int.o
 .debug_info    0x000069af     0x2ecf build/default/debug/_ext/101884895/sys_time.o
 .debug_info    0x0000987e     0x17cc build/default/debug/_ext/1171490990/initialization.o
 .debug_info    0x0000b04a     0x1951 build/default/debug/_ext/1171490990/interrupts.o
 .debug_info    0x0000c99b      0xfc9 build/default/debug/_ext/1171490990/exceptions.o
 .debug_info    0x0000d964     0x169c build/default/debug/_ext/1171490990/startup_xc32.o
 .debug_info    0x0000f000      0xef9 build/default/debug/_ext/1171490990/tasks.o
 .debug_info    0x0000fef9     0x2259 build/default/debug/_ext/1360937237/aws_bootloader.o
 .debug_info    0x00012152      0xf61 build/default/debug/_ext/1360937237/aws_crc.o
 .debug_info    0x000130b3     0x1515 build/default/debug/_ext/1360937237/aws_nvm.o
 .debug_info    0x000145c8      0xee8 build/default/debug/_ext/1360937237/main.o
 .debug_info    0x000154b0      0xf82 build/default/debug/_ext/1360937237/app.o
 .debug_info    0x00016432      0x296 c:/program files/microchip/xc32/v2.41/bin/bin/../../lib/gcc/pic32c/6.2.1/../../../../pic32c/lib/v7e-m/fpv5/hard\libpic32c.a(data_init.o)
 .debug_info    0x000166c8      0x410 c:/program files/microchip/xc32/v2.41/bin/bin/../../lib/gcc/pic32c/6.2.1/../../../../pic32c/lib/v7e-m/fpv5/hard\libg_nano.a(lib_a-init.o)
 .debug_info    0x00016ad8      0xe3d c:/program files/microchip/xc32/v2.41/bin/bin/../../lib/gcc/pic32c/6.2.1/../../../../pic32c/lib/v7e-m/fpv5/hard\libg_nano.a(lib_a-memcmp.o)
 .debug_info    0x00017915      0xe5c c:/program files/microchip/xc32/v2.41/bin/bin/../../lib/gcc/pic32c/6.2.1/../../../../pic32c/lib/v7e-m/fpv5/hard\libg_nano.a(lib_a-memcpy-stub.o)
 .debug_info    0x00018771     0x159f c:/program files/microchip/xc32/v2.41/bin/bin/../../lib/gcc/pic32c/6.2.1/../../../../pic32c/lib/v7e-m/fpv5/hard\libg_nano.a(lib_a-memset.o)
 .debug_info    0x00019d10      0xef5 c:/program files/microchip/xc32/v2.41/bin/bin/../../lib/gcc/pic32c/6.2.1/../../../../pic32c/lib/v7e-m/fpv5/hard\libg_nano.a(_lib_a-printf.cdnopsuxX.o)
 .debug_info    0x0001ac05     0x12d6 c:/program files/microchip/xc32/v2.41/bin/bin/../../lib/gcc/pic32c/6.2.1/../../../../pic32c/lib/v7e-m/fpv5/hard\libg_nano.a(lib_a-puts.o)
 .debug_info    0x0001bedb      0xe40 c:/program files/microchip/xc32/v2.41/bin/bin/../../lib/gcc/pic32c/6.2.1/../../../../pic32c/lib/v7e-m/fpv5/hard\libg_nano.a(lib_a-strncpy.o)
 .debug_info    0x0001cd1b     0x126a c:/program files/microchip/xc32/v2.41/bin/bin/../../lib/gcc/pic32c/6.2.1/../../../../pic32c/lib/v7e-m/fpv5/hard\libg_nano.a(lib_a-wbuf.o)
 .debug_info    0x0001df85     0x11e5 c:/program files/microchip/xc32/v2.41/bin/bin/../../lib/gcc/pic32c/6.2.1/../../../../pic32c/lib/v7e-m/fpv5/hard\libg_nano.a(lib_a-wsetup.o)
 .debug_info    0x0001f16a     0x134b c:/program files/microchip/xc32/v2.41/bin/bin/../../lib/gcc/pic32c/6.2.1/../../../../pic32c/lib/v7e-m/fpv5/hard\libg_nano.a(lib_a-fflush.o)
 .debug_info    0x000204b5     0x1525 c:/program files/microchip/xc32/v2.41/bin/bin/../../lib/gcc/pic32c/6.2.1/../../../../pic32c/lib/v7e-m/fpv5/hard\libg_nano.a(lib_a-findfp.o)
 .debug_info    0x000219da     0x1254 c:/program files/microchip/xc32/v2.41/bin/bin/../../lib/gcc/pic32c/6.2.1/../../../../pic32c/lib/v7e-m/fpv5/hard\libg_nano.a(lib_a-fwalk.o)
 .debug_info    0x00022c2e      0xde3 c:/program files/microchip/xc32/v2.41/bin/bin/../../lib/gcc/pic32c/6.2.1/../../../../pic32c/lib/v7e-m/fpv5/hard\libg_nano.a(lib_a-impure.o)
 .debug_info    0x00023a11     0x159c c:/program files/microchip/xc32/v2.41/bin/bin/../../lib/gcc/pic32c/6.2.1/../../../../pic32c/lib/v7e-m/fpv5/hard\libg_nano.a(lib_a-makebuf.o)
 .debug_info    0x00024fad     0x11b2 c:/program files/microchip/xc32/v2.41/bin/bin/../../lib/gcc/pic32c/6.2.1/../../../../pic32c/lib/v7e-m/fpv5/hard\libg_nano.a(lib_a-nano-freer.o)
 .debug_info    0x0002615f     0x124a c:/program files/microchip/xc32/v2.41/bin/bin/../../lib/gcc/pic32c/6.2.1/../../../../pic32c/lib/v7e-m/fpv5/hard\libg_nano.a(lib_a-nano-mallocr.o)
 .debug_info    0x000273a9     0x1fb4 c:/program files/microchip/xc32/v2.41/bin/bin/../../lib/gcc/pic32c/6.2.1/../../../../pic32c/lib/v7e-m/fpv5/hard\libg_nano.a(_lib_a-nano-vfprintf.cdnopsuxX.o)
 .debug_info    0x0002935d     0x1da9 c:/program files/microchip/xc32/v2.41/bin/bin/../../lib/gcc/pic32c/6.2.1/../../../../pic32c/lib/v7e-m/fpv5/hard\libg_nano.a(lib_a-nano-vfprintf_i.o)
 .debug_info    0x0002b106      0xed3 c:/program files/microchip/xc32/v2.41/bin/bin/../../lib/gcc/pic32c/6.2.1/../../../../pic32c/lib/v7e-m/fpv5/hard\libg_nano.a(lib_a-sbrkr.o)
 .debug_info    0x0002bfd9     0x1945 c:/program files/microchip/xc32/v2.41/bin/bin/../../lib/gcc/pic32c/6.2.1/../../../../pic32c/lib/v7e-m/fpv5/hard\libg_nano.a(lib_a-__ssfputs.o)
 .debug_info    0x0002d91e     0x1413 c:/program files/microchip/xc32/v2.41/bin/bin/../../lib/gcc/pic32c/6.2.1/../../../../pic32c/lib/v7e-m/fpv5/hard\libg_nano.a(lib_a-stdio.o)
 .debug_info    0x0002ed31      0xef2 c:/program files/microchip/xc32/v2.41/bin/bin/../../lib/gcc/pic32c/6.2.1/../../../../pic32c/lib/v7e-m/fpv5/hard\libg_nano.a(lib_a-writer.o)
 .debug_info    0x0002fc23      0xea1 c:/program files/microchip/xc32/v2.41/bin/bin/../../lib/gcc/pic32c/6.2.1/../../../../pic32c/lib/v7e-m/fpv5/hard\libg_nano.a(lib_a-closer.o)
 .debug_info    0x00030ac4     0x138f c:/program files/microchip/xc32/v2.41/bin/bin/../../lib/gcc/pic32c/6.2.1/../../../../pic32c/lib/v7e-m/fpv5/hard\libg_nano.a(lib_a-fputwc.o)
 .debug_info    0x00031e53     0x119c c:/program files/microchip/xc32/v2.41/bin/bin/../../lib/gcc/pic32c/6.2.1/../../../../pic32c/lib/v7e-m/fpv5/hard\libg_nano.a(lib_a-fstatr.o)
 .debug_info    0x00032fef      0xeae c:/program files/microchip/xc32/v2.41/bin/bin/../../lib/gcc/pic32c/6.2.1/../../../../pic32c/lib/v7e-m/fpv5/hard\libg_nano.a(lib_a-isattyr.o)
 .debug_info    0x00033e9d     0x188f c:/program files/microchip/xc32/v2.41/bin/bin/../../lib/gcc/pic32c/6.2.1/../../../../pic32c/lib/v7e-m/fpv5/hard\libg_nano.a(lib_a-locale.o)
 .debug_info    0x0003572c      0xed9 c:/program files/microchip/xc32/v2.41/bin/bin/../../lib/gcc/pic32c/6.2.1/../../../../pic32c/lib/v7e-m/fpv5/hard\libg_nano.a(lib_a-lseekr.o)
 .debug_info    0x00036605     0x1773 c:/program files/microchip/xc32/v2.41/bin/bin/../../lib/gcc/pic32c/6.2.1/../../../../pic32c/lib/v7e-m/fpv5/hard\libg_nano.a(lib_a-mbtowc_r.o)
 .debug_info    0x00037d78      0x11d c:/program files/microchip/xc32/v2.41/bin/bin/../../lib/gcc/pic32c/6.2.1/../../../../pic32c/lib/v7e-m/fpv5/hard\libg_nano.a(lib_a-memchr.o)
 .debug_info    0x00037e95      0xe20 c:/program files/microchip/xc32/v2.41/bin/bin/../../lib/gcc/pic32c/6.2.1/../../../../pic32c/lib/v7e-m/fpv5/hard\libg_nano.a(lib_a-mlock.o)
 .debug_info    0x00038cb5      0xef0 c:/program files/microchip/xc32/v2.41/bin/bin/../../lib/gcc/pic32c/6.2.1/../../../../pic32c/lib/v7e-m/fpv5/hard\libg_nano.a(lib_a-readr.o)
 .debug_info    0x00039ba5      0xfdb c:/program files/microchip/xc32/v2.41/bin/bin/../../lib/gcc/pic32c/6.2.1/../../../../pic32c/lib/v7e-m/fpv5/hard\libg_nano.a(lib_a-reent.o)
 .debug_info    0x0003ab80     0x174f c:/program files/microchip/xc32/v2.41/bin/bin/../../lib/gcc/pic32c/6.2.1/../../../../pic32c/lib/v7e-m/fpv5/hard\libg_nano.a(lib_a-wcrtomb.o)
 .debug_info    0x0003c2cf     0x173e c:/program files/microchip/xc32/v2.41/bin/bin/../../lib/gcc/pic32c/6.2.1/../../../../pic32c/lib/v7e-m/fpv5/hard\libg_nano.a(lib_a-wctomb_r.o)
 .debug_info    0x0003da0d     0x1570 c:/program files/microchip/xc32/v2.41/bin/bin/../../lib/gcc/pic32c/6.2.1/../../../../pic32c/lib/v7e-m/fpv5/hard\libg_nano.a(lib_a-ctype_.o)
 .debug_info    0x0003ef7d      0x27c c:/program files/microchip/xc32/v2.41/bin/bin/../../lib/gcc/pic32c/6.2.1/../../../../pic32c/lib/v7e-m/fpv5/hard\libpic32c.a(_close.o)
 .debug_info    0x0003f1f9      0x27c c:/program files/microchip/xc32/v2.41/bin/bin/../../lib/gcc/pic32c/6.2.1/../../../../pic32c/lib/v7e-m/fpv5/hard\libpic32c.a(_fstat.o)
 .debug_info    0x0003f475      0x27e c:/program files/microchip/xc32/v2.41/bin/bin/../../lib/gcc/pic32c/6.2.1/../../../../pic32c/lib/v7e-m/fpv5/hard\libpic32c.a(_isatty.o)
 .debug_info    0x0003f6f3      0x27c c:/program files/microchip/xc32/v2.41/bin/bin/../../lib/gcc/pic32c/6.2.1/../../../../pic32c/lib/v7e-m/fpv5/hard\libpic32c.a(_lseek.o)
 .debug_info    0x0003f96f      0x27a c:/program files/microchip/xc32/v2.41/bin/bin/../../lib/gcc/pic32c/6.2.1/../../../../pic32c/lib/v7e-m/fpv5/hard\libpic32c.a(_read.o)
 .debug_info    0x0003fbe9      0x27a c:/program files/microchip/xc32/v2.41/bin/bin/../../lib/gcc/pic32c/6.2.1/../../../../pic32c/lib/v7e-m/fpv5/hard\libpic32c.a(sbrk.o)
 .debug_info    0x0003fe63      0x27c c:/program files/microchip/xc32/v2.41/bin/bin/../../lib/gcc/pic32c/6.2.1/../../../../pic32c/lib/v7e-m/fpv5/hard\libpic32c.a(_write.o)
 .debug_info    0x000400df      0x27b c:/program files/microchip/xc32/v2.41/bin/bin/../../lib/gcc/pic32c/6.2.1/../../../../pic32c/lib/v7e-m/fpv5/hard\libpic32c.a(close.o)
 .debug_info    0x0004035a      0x27b c:/program files/microchip/xc32/v2.41/bin/bin/../../lib/gcc/pic32c/6.2.1/../../../../pic32c/lib/v7e-m/fpv5/hard\libpic32c.a(fstat.o)
 .debug_info    0x000405d5      0x27d c:/program files/microchip/xc32/v2.41/bin/bin/../../lib/gcc/pic32c/6.2.1/../../../../pic32c/lib/v7e-m/fpv5/hard\libpic32c.a(isatty.o)
 .debug_info    0x00040852      0x27b c:/program files/microchip/xc32/v2.41/bin/bin/../../lib/gcc/pic32c/6.2.1/../../../../pic32c/lib/v7e-m/fpv5/hard\libpic32c.a(lseek.o)
 .debug_info    0x00040acd      0x27a c:/program files/microchip/xc32/v2.41/bin/bin/../../lib/gcc/pic32c/6.2.1/../../../../pic32c/lib/v7e-m/fpv5/hard\libpic32c.a(read.o)
 .debug_info    0x00040d47      0x27c c:/program files/microchip/xc32/v2.41/bin/bin/../../lib/gcc/pic32c/6.2.1/../../../../pic32c/lib/v7e-m/fpv5/hard\libpic32c.a(write.o)

.debug_abbrev   0x00000000     0x68c7
 .debug_abbrev  0x00000000       0xb6 build/default/debug/_ext/60165520/plib_clk.o
 .debug_abbrev  0x000000b6      0x280 build/default/debug/_ext/60167248/plib_efc.o
 .debug_abbrev  0x00000336      0x140 build/default/debug/_ext/1865468468/plib_nvic.o
 .debug_abbrev  0x00000476      0x151 build/default/debug/_ext/60177924/plib_pio.o
 .debug_abbrev  0x000005c7      0x14d build/default/debug/_ext/60180192/plib_rtt.o
 .debug_abbrev  0x00000714      0x1a5 build/default/debug/_ext/2001315827/plib_usart1.o
 .debug_abbrev  0x000008b9      0x1d0 build/default/debug/_ext/163028504/xc32_monitor.o
 .debug_abbrev  0x00000a89      0x206 build/default/debug/_ext/1881668453/sys_int.o
 .debug_abbrev  0x00000c8f      0x3f8 build/default/debug/_ext/101884895/sys_time.o
 .debug_abbrev  0x00001087      0x204 build/default/debug/_ext/1171490990/initialization.o
 .debug_abbrev  0x0000128b      0x1a7 build/default/debug/_ext/1171490990/interrupts.o
 .debug_abbrev  0x00001432      0x196 build/default/debug/_ext/1171490990/exceptions.o
 .debug_abbrev  0x000015c8      0x270 build/default/debug/_ext/1171490990/startup_xc32.o
 .debug_abbrev  0x00001838      0x196 build/default/debug/_ext/1171490990/tasks.o
 .debug_abbrev  0x000019ce      0x3b0 build/default/debug/_ext/1360937237/aws_bootloader.o
 .debug_abbrev  0x00001d7e      0x1e1 build/default/debug/_ext/1360937237/aws_crc.o
 .debug_abbrev  0x00001f5f      0x286 build/default/debug/_ext/1360937237/aws_nvm.o
 .debug_abbrev  0x000021e5      0x198 build/default/debug/_ext/1360937237/main.o
 .debug_abbrev  0x0000237d      0x1ed build/default/debug/_ext/1360937237/app.o
 .debug_abbrev  0x0000256a       0x2a c:/program files/microchip/xc32/v2.41/bin/bin/../../lib/gcc/pic32c/6.2.1/../../../../pic32c/lib/v7e-m/fpv5/hard\libpic32c.a(data_init.o)
 .debug_abbrev  0x00002594       0xa3 c:/program files/microchip/xc32/v2.41/bin/bin/../../lib/gcc/pic32c/6.2.1/../../../../pic32c/lib/v7e-m/fpv5/hard\libg_nano.a(lib_a-init.o)
 .debug_abbrev  0x00002637      0x15e c:/program files/microchip/xc32/v2.41/bin/bin/../../lib/gcc/pic32c/6.2.1/../../../../pic32c/lib/v7e-m/fpv5/hard\libg_nano.a(lib_a-memcmp.o)
 .debug_abbrev  0x00002795      0x17c c:/program files/microchip/xc32/v2.41/bin/bin/../../lib/gcc/pic32c/6.2.1/../../../../pic32c/lib/v7e-m/fpv5/hard\libg_nano.a(lib_a-memcpy-stub.o)
 .debug_abbrev  0x00002911      0x170 c:/program files/microchip/xc32/v2.41/bin/bin/../../lib/gcc/pic32c/6.2.1/../../../../pic32c/lib/v7e-m/fpv5/hard\libg_nano.a(lib_a-memset.o)
 .debug_abbrev  0x00002a81      0x196 c:/program files/microchip/xc32/v2.41/bin/bin/../../lib/gcc/pic32c/6.2.1/../../../../pic32c/lib/v7e-m/fpv5/hard\libg_nano.a(_lib_a-printf.cdnopsuxX.o)
 .debug_abbrev  0x00002c17      0x25f c:/program files/microchip/xc32/v2.41/bin/bin/../../lib/gcc/pic32c/6.2.1/../../../../pic32c/lib/v7e-m/fpv5/hard\libg_nano.a(lib_a-puts.o)
 .debug_abbrev  0x00002e76      0x166 c:/program files/microchip/xc32/v2.41/bin/bin/../../lib/gcc/pic32c/6.2.1/../../../../pic32c/lib/v7e-m/fpv5/hard\libg_nano.a(lib_a-strncpy.o)
 .debug_abbrev  0x00002fdc      0x216 c:/program files/microchip/xc32/v2.41/bin/bin/../../lib/gcc/pic32c/6.2.1/../../../../pic32c/lib/v7e-m/fpv5/hard\libg_nano.a(lib_a-wbuf.o)
 .debug_abbrev  0x000031f2      0x1ec c:/program files/microchip/xc32/v2.41/bin/bin/../../lib/gcc/pic32c/6.2.1/../../../../pic32c/lib/v7e-m/fpv5/hard\libg_nano.a(lib_a-wsetup.o)
 .debug_abbrev  0x000033de      0x29e c:/program files/microchip/xc32/v2.41/bin/bin/../../lib/gcc/pic32c/6.2.1/../../../../pic32c/lib/v7e-m/fpv5/hard\libg_nano.a(lib_a-fflush.o)
 .debug_abbrev  0x0000367c      0x2b5 c:/program files/microchip/xc32/v2.41/bin/bin/../../lib/gcc/pic32c/6.2.1/../../../../pic32c/lib/v7e-m/fpv5/hard\libg_nano.a(lib_a-findfp.o)
 .debug_abbrev  0x00003931      0x1ad c:/program files/microchip/xc32/v2.41/bin/bin/../../lib/gcc/pic32c/6.2.1/../../../../pic32c/lib/v7e-m/fpv5/hard\libg_nano.a(lib_a-fwalk.o)
 .debug_abbrev  0x00003ade      0x131 c:/program files/microchip/xc32/v2.41/bin/bin/../../lib/gcc/pic32c/6.2.1/../../../../pic32c/lib/v7e-m/fpv5/hard\libg_nano.a(lib_a-impure.o)
 .debug_abbrev  0x00003c0f      0x268 c:/program files/microchip/xc32/v2.41/bin/bin/../../lib/gcc/pic32c/6.2.1/../../../../pic32c/lib/v7e-m/fpv5/hard\libg_nano.a(lib_a-makebuf.o)
 .debug_abbrev  0x00003e77      0x242 c:/program files/microchip/xc32/v2.41/bin/bin/../../lib/gcc/pic32c/6.2.1/../../../../pic32c/lib/v7e-m/fpv5/hard\libg_nano.a(lib_a-nano-freer.o)
 .debug_abbrev  0x000040b9      0x281 c:/program files/microchip/xc32/v2.41/bin/bin/../../lib/gcc/pic32c/6.2.1/../../../../pic32c/lib/v7e-m/fpv5/hard\libg_nano.a(lib_a-nano-mallocr.o)
 .debug_abbrev  0x0000433a      0x316 c:/program files/microchip/xc32/v2.41/bin/bin/../../lib/gcc/pic32c/6.2.1/../../../../pic32c/lib/v7e-m/fpv5/hard\libg_nano.a(_lib_a-nano-vfprintf.cdnopsuxX.o)
 .debug_abbrev  0x00004650      0x225 c:/program files/microchip/xc32/v2.41/bin/bin/../../lib/gcc/pic32c/6.2.1/../../../../pic32c/lib/v7e-m/fpv5/hard\libg_nano.a(lib_a-nano-vfprintf_i.o)
 .debug_abbrev  0x00004875      0x1a8 c:/program files/microchip/xc32/v2.41/bin/bin/../../lib/gcc/pic32c/6.2.1/../../../../pic32c/lib/v7e-m/fpv5/hard\libg_nano.a(lib_a-sbrkr.o)
 .debug_abbrev  0x00004a1d      0x1f9 c:/program files/microchip/xc32/v2.41/bin/bin/../../lib/gcc/pic32c/6.2.1/../../../../pic32c/lib/v7e-m/fpv5/hard\libg_nano.a(lib_a-__ssfputs.o)
 .debug_abbrev  0x00004c16      0x23f c:/program files/microchip/xc32/v2.41/bin/bin/../../lib/gcc/pic32c/6.2.1/../../../../pic32c/lib/v7e-m/fpv5/hard\libg_nano.a(lib_a-stdio.o)
 .debug_abbrev  0x00004e55      0x198 c:/program files/microchip/xc32/v2.41/bin/bin/../../lib/gcc/pic32c/6.2.1/../../../../pic32c/lib/v7e-m/fpv5/hard\libg_nano.a(lib_a-writer.o)
 .debug_abbrev  0x00004fed      0x193 c:/program files/microchip/xc32/v2.41/bin/bin/../../lib/gcc/pic32c/6.2.1/../../../../pic32c/lib/v7e-m/fpv5/hard\libg_nano.a(lib_a-closer.o)
 .debug_abbrev  0x00005180      0x27f c:/program files/microchip/xc32/v2.41/bin/bin/../../lib/gcc/pic32c/6.2.1/../../../../pic32c/lib/v7e-m/fpv5/hard\libg_nano.a(lib_a-fputwc.o)
 .debug_abbrev  0x000053ff      0x193 c:/program files/microchip/xc32/v2.41/bin/bin/../../lib/gcc/pic32c/6.2.1/../../../../pic32c/lib/v7e-m/fpv5/hard\libg_nano.a(lib_a-fstatr.o)
 .debug_abbrev  0x00005592      0x193 c:/program files/microchip/xc32/v2.41/bin/bin/../../lib/gcc/pic32c/6.2.1/../../../../pic32c/lib/v7e-m/fpv5/hard\libg_nano.a(lib_a-isattyr.o)
 .debug_abbrev  0x00005725      0x256 c:/program files/microchip/xc32/v2.41/bin/bin/../../lib/gcc/pic32c/6.2.1/../../../../pic32c/lib/v7e-m/fpv5/hard\libg_nano.a(lib_a-locale.o)
 .debug_abbrev  0x0000597b      0x193 c:/program files/microchip/xc32/v2.41/bin/bin/../../lib/gcc/pic32c/6.2.1/../../../../pic32c/lib/v7e-m/fpv5/hard\libg_nano.a(lib_a-lseekr.o)
 .debug_abbrev  0x00005b0e      0x1be c:/program files/microchip/xc32/v2.41/bin/bin/../../lib/gcc/pic32c/6.2.1/../../../../pic32c/lib/v7e-m/fpv5/hard\libg_nano.a(lib_a-mbtowc_r.o)
 .debug_abbrev  0x00005ccc       0x14 c:/program files/microchip/xc32/v2.41/bin/bin/../../lib/gcc/pic32c/6.2.1/../../../../pic32c/lib/v7e-m/fpv5/hard\libg_nano.a(lib_a-memchr.o)
 .debug_abbrev  0x00005ce0      0x165 c:/program files/microchip/xc32/v2.41/bin/bin/../../lib/gcc/pic32c/6.2.1/../../../../pic32c/lib/v7e-m/fpv5/hard\libg_nano.a(lib_a-mlock.o)
 .debug_abbrev  0x00005e45      0x193 c:/program files/microchip/xc32/v2.41/bin/bin/../../lib/gcc/pic32c/6.2.1/../../../../pic32c/lib/v7e-m/fpv5/hard\libg_nano.a(lib_a-readr.o)
 .debug_abbrev  0x00005fd8      0x1f8 c:/program files/microchip/xc32/v2.41/bin/bin/../../lib/gcc/pic32c/6.2.1/../../../../pic32c/lib/v7e-m/fpv5/hard\libg_nano.a(lib_a-reent.o)
 .debug_abbrev  0x000061d0      0x1dc c:/program files/microchip/xc32/v2.41/bin/bin/../../lib/gcc/pic32c/6.2.1/../../../../pic32c/lib/v7e-m/fpv5/hard\libg_nano.a(lib_a-wcrtomb.o)
 .debug_abbrev  0x000063ac      0x1da c:/program files/microchip/xc32/v2.41/bin/bin/../../lib/gcc/pic32c/6.2.1/../../../../pic32c/lib/v7e-m/fpv5/hard\libg_nano.a(lib_a-wctomb_r.o)
 .debug_abbrev  0x00006586      0x131 c:/program files/microchip/xc32/v2.41/bin/bin/../../lib/gcc/pic32c/6.2.1/../../../../pic32c/lib/v7e-m/fpv5/hard\libg_nano.a(lib_a-ctype_.o)
 .debug_abbrev  0x000066b7       0x27 c:/program files/microchip/xc32/v2.41/bin/bin/../../lib/gcc/pic32c/6.2.1/../../../../pic32c/lib/v7e-m/fpv5/hard\libpic32c.a(_close.o)
 .debug_abbrev  0x000066de       0x27 c:/program files/microchip/xc32/v2.41/bin/bin/../../lib/gcc/pic32c/6.2.1/../../../../pic32c/lib/v7e-m/fpv5/hard\libpic32c.a(_fstat.o)
 .debug_abbrev  0x00006705       0x27 c:/program files/microchip/xc32/v2.41/bin/bin/../../lib/gcc/pic32c/6.2.1/../../../../pic32c/lib/v7e-m/fpv5/hard\libpic32c.a(_isatty.o)
 .debug_abbrev  0x0000672c       0x27 c:/program files/microchip/xc32/v2.41/bin/bin/../../lib/gcc/pic32c/6.2.1/../../../../pic32c/lib/v7e-m/fpv5/hard\libpic32c.a(_lseek.o)
 .debug_abbrev  0x00006753       0x27 c:/program files/microchip/xc32/v2.41/bin/bin/../../lib/gcc/pic32c/6.2.1/../../../../pic32c/lib/v7e-m/fpv5/hard\libpic32c.a(_read.o)
 .debug_abbrev  0x0000677a       0x2a c:/program files/microchip/xc32/v2.41/bin/bin/../../lib/gcc/pic32c/6.2.1/../../../../pic32c/lib/v7e-m/fpv5/hard\libpic32c.a(sbrk.o)
 .debug_abbrev  0x000067a4       0x27 c:/program files/microchip/xc32/v2.41/bin/bin/../../lib/gcc/pic32c/6.2.1/../../../../pic32c/lib/v7e-m/fpv5/hard\libpic32c.a(_write.o)
 .debug_abbrev  0x000067cb       0x2a c:/program files/microchip/xc32/v2.41/bin/bin/../../lib/gcc/pic32c/6.2.1/../../../../pic32c/lib/v7e-m/fpv5/hard\libpic32c.a(close.o)
 .debug_abbrev  0x000067f5       0x2a c:/program files/microchip/xc32/v2.41/bin/bin/../../lib/gcc/pic32c/6.2.1/../../../../pic32c/lib/v7e-m/fpv5/hard\libpic32c.a(fstat.o)
 .debug_abbrev  0x0000681f       0x2a c:/program files/microchip/xc32/v2.41/bin/bin/../../lib/gcc/pic32c/6.2.1/../../../../pic32c/lib/v7e-m/fpv5/hard\libpic32c.a(isatty.o)
 .debug_abbrev  0x00006849       0x2a c:/program files/microchip/xc32/v2.41/bin/bin/../../lib/gcc/pic32c/6.2.1/../../../../pic32c/lib/v7e-m/fpv5/hard\libpic32c.a(lseek.o)
 .debug_abbrev  0x00006873       0x2a c:/program files/microchip/xc32/v2.41/bin/bin/../../lib/gcc/pic32c/6.2.1/../../../../pic32c/lib/v7e-m/fpv5/hard\libpic32c.a(read.o)
 .debug_abbrev  0x0000689d       0x2a c:/program files/microchip/xc32/v2.41/bin/bin/../../lib/gcc/pic32c/6.2.1/../../../../pic32c/lib/v7e-m/fpv5/hard\libpic32c.a(write.o)

.debug_loc      0x00000000     0x63e5
 .debug_loc     0x00000000       0xb4 build/default/debug/_ext/60165520/plib_clk.o
 .debug_loc     0x000000b4      0x2e8 build/default/debug/_ext/60167248/plib_efc.o
 .debug_loc     0x0000039c      0x140 build/default/debug/_ext/1865468468/plib_nvic.o
 .debug_loc     0x000004dc      0x324 build/default/debug/_ext/60177924/plib_pio.o
 .debug_loc     0x00000800      0x3a0 build/default/debug/_ext/60180192/plib_rtt.o
 .debug_loc     0x00000ba0      0x364 build/default/debug/_ext/2001315827/plib_usart1.o
 .debug_loc     0x00000f04       0xa0 build/default/debug/_ext/163028504/xc32_monitor.o
 .debug_loc     0x00000fa4      0x2b0 build/default/debug/_ext/1881668453/sys_int.o
 .debug_loc     0x00001254      0xe0c build/default/debug/_ext/101884895/sys_time.o
 .debug_loc     0x00002060       0x50 build/default/debug/_ext/1171490990/initialization.o
 .debug_loc     0x000020b0      0x108 build/default/debug/_ext/1171490990/exceptions.o
 .debug_loc     0x000021b8       0xd8 build/default/debug/_ext/1171490990/startup_xc32.o
 .debug_loc     0x00002290       0x2c build/default/debug/_ext/1171490990/tasks.o
 .debug_loc     0x000022bc      0x61a build/default/debug/_ext/1360937237/aws_bootloader.o
 .debug_loc     0x000028d6      0x128 build/default/debug/_ext/1360937237/aws_crc.o
 .debug_loc     0x000029fe      0x330 build/default/debug/_ext/1360937237/aws_nvm.o
 .debug_loc     0x00002d2e       0x2c build/default/debug/_ext/1360937237/main.o
 .debug_loc     0x00002d5a       0x94 build/default/debug/_ext/1360937237/app.o
 .debug_loc     0x00002dee       0x74 c:/program files/microchip/xc32/v2.41/bin/bin/../../lib/gcc/pic32c/6.2.1/../../../../pic32c/lib/v7e-m/fpv5/hard\libg_nano.a(lib_a-init.o)
 .debug_loc     0x00002e62      0x14e c:/program files/microchip/xc32/v2.41/bin/bin/../../lib/gcc/pic32c/6.2.1/../../../../pic32c/lib/v7e-m/fpv5/hard\libg_nano.a(lib_a-memcmp.o)
 .debug_loc     0x00002fb0       0xb2 c:/program files/microchip/xc32/v2.41/bin/bin/../../lib/gcc/pic32c/6.2.1/../../../../pic32c/lib/v7e-m/fpv5/hard\libg_nano.a(lib_a-memcpy-stub.o)
 .debug_loc     0x00003062       0x4c c:/program files/microchip/xc32/v2.41/bin/bin/../../lib/gcc/pic32c/6.2.1/../../../../pic32c/lib/v7e-m/fpv5/hard\libg_nano.a(lib_a-memset.o)
 .debug_loc     0x000030ae       0x50 c:/program files/microchip/xc32/v2.41/bin/bin/../../lib/gcc/pic32c/6.2.1/../../../../pic32c/lib/v7e-m/fpv5/hard\libg_nano.a(_lib_a-printf.cdnopsuxX.o)
 .debug_loc     0x000030fe      0x202 c:/program files/microchip/xc32/v2.41/bin/bin/../../lib/gcc/pic32c/6.2.1/../../../../pic32c/lib/v7e-m/fpv5/hard\libg_nano.a(lib_a-puts.o)
 .debug_loc     0x00003300      0x116 c:/program files/microchip/xc32/v2.41/bin/bin/../../lib/gcc/pic32c/6.2.1/../../../../pic32c/lib/v7e-m/fpv5/hard\libg_nano.a(lib_a-strncpy.o)
 .debug_loc     0x00003416      0x133 c:/program files/microchip/xc32/v2.41/bin/bin/../../lib/gcc/pic32c/6.2.1/../../../../pic32c/lib/v7e-m/fpv5/hard\libg_nano.a(lib_a-wbuf.o)
 .debug_loc     0x00003549       0x7a c:/program files/microchip/xc32/v2.41/bin/bin/../../lib/gcc/pic32c/6.2.1/../../../../pic32c/lib/v7e-m/fpv5/hard\libg_nano.a(lib_a-wsetup.o)
 .debug_loc     0x000035c3      0x2f4 c:/program files/microchip/xc32/v2.41/bin/bin/../../lib/gcc/pic32c/6.2.1/../../../../pic32c/lib/v7e-m/fpv5/hard\libg_nano.a(lib_a-fflush.o)
 .debug_loc     0x000038b7      0x228 c:/program files/microchip/xc32/v2.41/bin/bin/../../lib/gcc/pic32c/6.2.1/../../../../pic32c/lib/v7e-m/fpv5/hard\libg_nano.a(lib_a-findfp.o)
 .debug_loc     0x00003adf      0x139 c:/program files/microchip/xc32/v2.41/bin/bin/../../lib/gcc/pic32c/6.2.1/../../../../pic32c/lib/v7e-m/fpv5/hard\libg_nano.a(lib_a-fwalk.o)
 .debug_loc     0x00003c18      0x254 c:/program files/microchip/xc32/v2.41/bin/bin/../../lib/gcc/pic32c/6.2.1/../../../../pic32c/lib/v7e-m/fpv5/hard\libg_nano.a(lib_a-makebuf.o)
 .debug_loc     0x00003e6c      0x141 c:/program files/microchip/xc32/v2.41/bin/bin/../../lib/gcc/pic32c/6.2.1/../../../../pic32c/lib/v7e-m/fpv5/hard\libg_nano.a(lib_a-nano-freer.o)
 .debug_loc     0x00003fad      0x326 c:/program files/microchip/xc32/v2.41/bin/bin/../../lib/gcc/pic32c/6.2.1/../../../../pic32c/lib/v7e-m/fpv5/hard\libg_nano.a(lib_a-nano-mallocr.o)
 .debug_loc     0x000042d3      0x7ab c:/program files/microchip/xc32/v2.41/bin/bin/../../lib/gcc/pic32c/6.2.1/../../../../pic32c/lib/v7e-m/fpv5/hard\libg_nano.a(_lib_a-nano-vfprintf.cdnopsuxX.o)
 .debug_loc     0x00004a7e      0x5d7 c:/program files/microchip/xc32/v2.41/bin/bin/../../lib/gcc/pic32c/6.2.1/../../../../pic32c/lib/v7e-m/fpv5/hard\libg_nano.a(lib_a-nano-vfprintf_i.o)
 .debug_loc     0x00005055       0x6d c:/program files/microchip/xc32/v2.41/bin/bin/../../lib/gcc/pic32c/6.2.1/../../../../pic32c/lib/v7e-m/fpv5/hard\libg_nano.a(lib_a-sbrkr.o)
 .debug_loc     0x000050c2      0x1f2 c:/program files/microchip/xc32/v2.41/bin/bin/../../lib/gcc/pic32c/6.2.1/../../../../pic32c/lib/v7e-m/fpv5/hard\libg_nano.a(lib_a-__ssfputs.o)
 .debug_loc     0x000052b4      0x2ef c:/program files/microchip/xc32/v2.41/bin/bin/../../lib/gcc/pic32c/6.2.1/../../../../pic32c/lib/v7e-m/fpv5/hard\libg_nano.a(lib_a-stdio.o)
 .debug_loc     0x000055a3       0xc5 c:/program files/microchip/xc32/v2.41/bin/bin/../../lib/gcc/pic32c/6.2.1/../../../../pic32c/lib/v7e-m/fpv5/hard\libg_nano.a(lib_a-writer.o)
 .debug_loc     0x00005668       0x6d c:/program files/microchip/xc32/v2.41/bin/bin/../../lib/gcc/pic32c/6.2.1/../../../../pic32c/lib/v7e-m/fpv5/hard\libg_nano.a(lib_a-closer.o)
 .debug_loc     0x000056d5      0x298 c:/program files/microchip/xc32/v2.41/bin/bin/../../lib/gcc/pic32c/6.2.1/../../../../pic32c/lib/v7e-m/fpv5/hard\libg_nano.a(lib_a-fputwc.o)
 .debug_loc     0x0000596d       0x99 c:/program files/microchip/xc32/v2.41/bin/bin/../../lib/gcc/pic32c/6.2.1/../../../../pic32c/lib/v7e-m/fpv5/hard\libg_nano.a(lib_a-fstatr.o)
 .debug_loc     0x00005a06       0x6d c:/program files/microchip/xc32/v2.41/bin/bin/../../lib/gcc/pic32c/6.2.1/../../../../pic32c/lib/v7e-m/fpv5/hard\libg_nano.a(lib_a-isattyr.o)
 .debug_loc     0x00005a73      0x17b c:/program files/microchip/xc32/v2.41/bin/bin/../../lib/gcc/pic32c/6.2.1/../../../../pic32c/lib/v7e-m/fpv5/hard\libg_nano.a(lib_a-locale.o)
 .debug_loc     0x00005bee       0xc5 c:/program files/microchip/xc32/v2.41/bin/bin/../../lib/gcc/pic32c/6.2.1/../../../../pic32c/lib/v7e-m/fpv5/hard\libg_nano.a(lib_a-lseekr.o)
 .debug_loc     0x00005cb3      0x229 c:/program files/microchip/xc32/v2.41/bin/bin/../../lib/gcc/pic32c/6.2.1/../../../../pic32c/lib/v7e-m/fpv5/hard\libg_nano.a(lib_a-mbtowc_r.o)
 .debug_loc     0x00005edc       0xc5 c:/program files/microchip/xc32/v2.41/bin/bin/../../lib/gcc/pic32c/6.2.1/../../../../pic32c/lib/v7e-m/fpv5/hard\libg_nano.a(lib_a-readr.o)
 .debug_loc     0x00005fa1      0x15e c:/program files/microchip/xc32/v2.41/bin/bin/../../lib/gcc/pic32c/6.2.1/../../../../pic32c/lib/v7e-m/fpv5/hard\libg_nano.a(lib_a-reent.o)
 .debug_loc     0x000060ff      0x1a8 c:/program files/microchip/xc32/v2.41/bin/bin/../../lib/gcc/pic32c/6.2.1/../../../../pic32c/lib/v7e-m/fpv5/hard\libg_nano.a(lib_a-wcrtomb.o)
 .debug_loc     0x000062a7      0x116 c:/program files/microchip/xc32/v2.41/bin/bin/../../lib/gcc/pic32c/6.2.1/../../../../pic32c/lib/v7e-m/fpv5/hard\libg_nano.a(lib_a-wctomb_r.o)
 .debug_loc     0x000063bd       0x14 c:/program files/microchip/xc32/v2.41/bin/bin/../../lib/gcc/pic32c/6.2.1/../../../../pic32c/lib/v7e-m/fpv5/hard\libpic32c.a(read.o)
 .debug_loc     0x000063d1       0x14 c:/program files/microchip/xc32/v2.41/bin/bin/../../lib/gcc/pic32c/6.2.1/../../../../pic32c/lib/v7e-m/fpv5/hard\libpic32c.a(write.o)

.debug_aranges  0x00000000      0xd98
 .debug_aranges
                0x00000000       0x30 build/default/debug/_ext/60165520/plib_clk.o
 .debug_aranges
                0x00000030       0x60 build/default/debug/_ext/60167248/plib_efc.o
 .debug_aranges
                0x00000090       0x38 build/default/debug/_ext/1865468468/plib_nvic.o
 .debug_aranges
                0x000000c8       0x60 build/default/debug/_ext/60177924/plib_pio.o
 .debug_aranges
                0x00000128       0x70 build/default/debug/_ext/60180192/plib_rtt.o
 .debug_aranges
                0x00000198       0x70 build/default/debug/_ext/2001315827/plib_usart1.o
 .debug_aranges
                0x00000208       0x28 build/default/debug/_ext/163028504/xc32_monitor.o
 .debug_aranges
                0x00000230       0x58 build/default/debug/_ext/1881668453/sys_int.o
 .debug_aranges
                0x00000288      0x170 build/default/debug/_ext/101884895/sys_time.o
 .debug_aranges
                0x000003f8       0x20 build/default/debug/_ext/1171490990/initialization.o
 .debug_aranges
                0x00000418       0x20 build/default/debug/_ext/1171490990/interrupts.o
 .debug_aranges
                0x00000438       0x48 build/default/debug/_ext/1171490990/exceptions.o
 .debug_aranges
                0x00000480       0x38 build/default/debug/_ext/1171490990/startup_xc32.o
 .debug_aranges
                0x000004b8       0x20 build/default/debug/_ext/1171490990/tasks.o
 .debug_aranges
                0x000004d8       0xc0 build/default/debug/_ext/1360937237/aws_bootloader.o
 .debug_aranges
                0x00000598       0x38 build/default/debug/_ext/1360937237/aws_crc.o
 .debug_aranges
                0x000005d0       0x68 build/default/debug/_ext/1360937237/aws_nvm.o
 .debug_aranges
                0x00000638       0x20 build/default/debug/_ext/1360937237/main.o
 .debug_aranges
                0x00000658       0x28 build/default/debug/_ext/1360937237/app.o
 .debug_aranges
                0x00000680       0x20 c:/program files/microchip/xc32/v2.41/bin/bin/../../lib/gcc/pic32c/6.2.1/../../../../pic32c/lib/v7e-m/fpv5/hard\libpic32c.a(data_init.o)
 .debug_aranges
                0x000006a0       0x20 c:/program files/microchip/xc32/v2.41/bin/bin/../../lib/gcc/pic32c/6.2.1/../../../../pic32c/lib/v7e-m/fpv5/hard\libg_nano.a(lib_a-init.o)
 .debug_aranges
                0x000006c0       0x20 c:/program files/microchip/xc32/v2.41/bin/bin/../../lib/gcc/pic32c/6.2.1/../../../../pic32c/lib/v7e-m/fpv5/hard\libg_nano.a(lib_a-memcmp.o)
 .debug_aranges
                0x000006e0       0x20 c:/program files/microchip/xc32/v2.41/bin/bin/../../lib/gcc/pic32c/6.2.1/../../../../pic32c/lib/v7e-m/fpv5/hard\libg_nano.a(lib_a-memcpy-stub.o)
 .debug_aranges
                0x00000700       0x20 c:/program files/microchip/xc32/v2.41/bin/bin/../../lib/gcc/pic32c/6.2.1/../../../../pic32c/lib/v7e-m/fpv5/hard\libg_nano.a(lib_a-memset.o)
 .debug_aranges
                0x00000720       0x20 c:/program files/microchip/xc32/v2.41/bin/bin/../../lib/gcc/pic32c/6.2.1/../../../../pic32c/lib/v7e-m/fpv5/hard\libg_nano.a(_lib_a-printf.cdnopsuxX.o)
 .debug_aranges
                0x00000740       0x28 c:/program files/microchip/xc32/v2.41/bin/bin/../../lib/gcc/pic32c/6.2.1/../../../../pic32c/lib/v7e-m/fpv5/hard\libg_nano.a(lib_a-puts.o)
 .debug_aranges
                0x00000768       0x20 c:/program files/microchip/xc32/v2.41/bin/bin/../../lib/gcc/pic32c/6.2.1/../../../../pic32c/lib/v7e-m/fpv5/hard\libg_nano.a(lib_a-strncpy.o)
 .debug_aranges
                0x00000788       0x28 c:/program files/microchip/xc32/v2.41/bin/bin/../../lib/gcc/pic32c/6.2.1/../../../../pic32c/lib/v7e-m/fpv5/hard\libg_nano.a(lib_a-wbuf.o)
 .debug_aranges
                0x000007b0       0x20 c:/program files/microchip/xc32/v2.41/bin/bin/../../lib/gcc/pic32c/6.2.1/../../../../pic32c/lib/v7e-m/fpv5/hard\libg_nano.a(lib_a-wsetup.o)
 .debug_aranges
                0x000007d0       0x30 c:/program files/microchip/xc32/v2.41/bin/bin/../../lib/gcc/pic32c/6.2.1/../../../../pic32c/lib/v7e-m/fpv5/hard\libg_nano.a(lib_a-fflush.o)
 .debug_aranges
                0x00000800       0x48 c:/program files/microchip/xc32/v2.41/bin/bin/../../lib/gcc/pic32c/6.2.1/../../../../pic32c/lib/v7e-m/fpv5/hard\libg_nano.a(lib_a-findfp.o)
 .debug_aranges
                0x00000848       0x28 c:/program files/microchip/xc32/v2.41/bin/bin/../../lib/gcc/pic32c/6.2.1/../../../../pic32c/lib/v7e-m/fpv5/hard\libg_nano.a(lib_a-fwalk.o)
 .debug_aranges
                0x00000870       0x18 c:/program files/microchip/xc32/v2.41/bin/bin/../../lib/gcc/pic32c/6.2.1/../../../../pic32c/lib/v7e-m/fpv5/hard\libg_nano.a(lib_a-impure.o)
 .debug_aranges
                0x00000888       0x28 c:/program files/microchip/xc32/v2.41/bin/bin/../../lib/gcc/pic32c/6.2.1/../../../../pic32c/lib/v7e-m/fpv5/hard\libg_nano.a(lib_a-makebuf.o)
 .debug_aranges
                0x000008b0       0x20 c:/program files/microchip/xc32/v2.41/bin/bin/../../lib/gcc/pic32c/6.2.1/../../../../pic32c/lib/v7e-m/fpv5/hard\libg_nano.a(lib_a-nano-freer.o)
 .debug_aranges
                0x000008d0       0x20 c:/program files/microchip/xc32/v2.41/bin/bin/../../lib/gcc/pic32c/6.2.1/../../../../pic32c/lib/v7e-m/fpv5/hard\libg_nano.a(lib_a-nano-mallocr.o)
 .debug_aranges
                0x000008f0       0x30 c:/program files/microchip/xc32/v2.41/bin/bin/../../lib/gcc/pic32c/6.2.1/../../../../pic32c/lib/v7e-m/fpv5/hard\libg_nano.a(_lib_a-nano-vfprintf.cdnopsuxX.o)
 .debug_aranges
                0x00000920       0x28 c:/program files/microchip/xc32/v2.41/bin/bin/../../lib/gcc/pic32c/6.2.1/../../../../pic32c/lib/v7e-m/fpv5/hard\libg_nano.a(lib_a-nano-vfprintf_i.o)
 .debug_aranges
                0x00000948       0x20 c:/program files/microchip/xc32/v2.41/bin/bin/../../lib/gcc/pic32c/6.2.1/../../../../pic32c/lib/v7e-m/fpv5/hard\libg_nano.a(lib_a-sbrkr.o)
 .debug_aranges
                0x00000968       0x28 c:/program files/microchip/xc32/v2.41/bin/bin/../../lib/gcc/pic32c/6.2.1/../../../../pic32c/lib/v7e-m/fpv5/hard\libg_nano.a(lib_a-__ssfputs.o)
 .debug_aranges
                0x00000990       0x40 c:/program files/microchip/xc32/v2.41/bin/bin/../../lib/gcc/pic32c/6.2.1/../../../../pic32c/lib/v7e-m/fpv5/hard\libg_nano.a(lib_a-stdio.o)
 .debug_aranges
                0x000009d0       0x20 c:/program files/microchip/xc32/v2.41/bin/bin/../../lib/gcc/pic32c/6.2.1/../../../../pic32c/lib/v7e-m/fpv5/hard\libg_nano.a(lib_a-writer.o)
 .debug_aranges
                0x000009f0       0x20 c:/program files/microchip/xc32/v2.41/bin/bin/../../lib/gcc/pic32c/6.2.1/../../../../pic32c/lib/v7e-m/fpv5/hard\libg_nano.a(lib_a-closer.o)
 .debug_aranges
                0x00000a10       0x30 c:/program files/microchip/xc32/v2.41/bin/bin/../../lib/gcc/pic32c/6.2.1/../../../../pic32c/lib/v7e-m/fpv5/hard\libg_nano.a(lib_a-fputwc.o)
 .debug_aranges
                0x00000a40       0x20 c:/program files/microchip/xc32/v2.41/bin/bin/../../lib/gcc/pic32c/6.2.1/../../../../pic32c/lib/v7e-m/fpv5/hard\libg_nano.a(lib_a-fstatr.o)
 .debug_aranges
                0x00000a60       0x20 c:/program files/microchip/xc32/v2.41/bin/bin/../../lib/gcc/pic32c/6.2.1/../../../../pic32c/lib/v7e-m/fpv5/hard\libg_nano.a(lib_a-isattyr.o)
 .debug_aranges
                0x00000a80       0x40 c:/program files/microchip/xc32/v2.41/bin/bin/../../lib/gcc/pic32c/6.2.1/../../../../pic32c/lib/v7e-m/fpv5/hard\libg_nano.a(lib_a-locale.o)
 .debug_aranges
                0x00000ac0       0x20 c:/program files/microchip/xc32/v2.41/bin/bin/../../lib/gcc/pic32c/6.2.1/../../../../pic32c/lib/v7e-m/fpv5/hard\libg_nano.a(lib_a-lseekr.o)
 .debug_aranges
                0x00000ae0       0x28 c:/program files/microchip/xc32/v2.41/bin/bin/../../lib/gcc/pic32c/6.2.1/../../../../pic32c/lib/v7e-m/fpv5/hard\libg_nano.a(lib_a-mbtowc_r.o)
 .debug_aranges
                0x00000b08       0x20 c:/program files/microchip/xc32/v2.41/bin/bin/../../lib/gcc/pic32c/6.2.1/../../../../pic32c/lib/v7e-m/fpv5/hard\libg_nano.a(lib_a-memchr.o)
 .debug_aranges
                0x00000b28       0x20 c:/program files/microchip/xc32/v2.41/bin/bin/../../lib/gcc/pic32c/6.2.1/../../../../pic32c/lib/v7e-m/fpv5/hard\libg_nano.a(lib_a-mlock.o)
 .debug_aranges
                0x00000b48       0x20 c:/program files/microchip/xc32/v2.41/bin/bin/../../lib/gcc/pic32c/6.2.1/../../../../pic32c/lib/v7e-m/fpv5/hard\libg_nano.a(lib_a-readr.o)
 .debug_aranges
                0x00000b68       0x28 c:/program files/microchip/xc32/v2.41/bin/bin/../../lib/gcc/pic32c/6.2.1/../../../../pic32c/lib/v7e-m/fpv5/hard\libg_nano.a(lib_a-reent.o)
 .debug_aranges
                0x00000b90       0x28 c:/program files/microchip/xc32/v2.41/bin/bin/../../lib/gcc/pic32c/6.2.1/../../../../pic32c/lib/v7e-m/fpv5/hard\libg_nano.a(lib_a-wcrtomb.o)
 .debug_aranges
                0x00000bb8       0x28 c:/program files/microchip/xc32/v2.41/bin/bin/../../lib/gcc/pic32c/6.2.1/../../../../pic32c/lib/v7e-m/fpv5/hard\libg_nano.a(lib_a-wctomb_r.o)
 .debug_aranges
                0x00000be0       0x18 c:/program files/microchip/xc32/v2.41/bin/bin/../../lib/gcc/pic32c/6.2.1/../../../../pic32c/lib/v7e-m/fpv5/hard\libg_nano.a(lib_a-ctype_.o)
 .debug_aranges
                0x00000bf8       0x20 c:/program files/microchip/xc32/v2.41/bin/bin/../../lib/gcc/pic32c/6.2.1/../../../../pic32c/lib/v7e-m/fpv5/hard\libpic32c.a(_close.o)
 .debug_aranges
                0x00000c18       0x20 c:/program files/microchip/xc32/v2.41/bin/bin/../../lib/gcc/pic32c/6.2.1/../../../../pic32c/lib/v7e-m/fpv5/hard\libpic32c.a(_fstat.o)
 .debug_aranges
                0x00000c38       0x20 c:/program files/microchip/xc32/v2.41/bin/bin/../../lib/gcc/pic32c/6.2.1/../../../../pic32c/lib/v7e-m/fpv5/hard\libpic32c.a(_isatty.o)
 .debug_aranges
                0x00000c58       0x20 c:/program files/microchip/xc32/v2.41/bin/bin/../../lib/gcc/pic32c/6.2.1/../../../../pic32c/lib/v7e-m/fpv5/hard\libpic32c.a(_lseek.o)
 .debug_aranges
                0x00000c78       0x20 c:/program files/microchip/xc32/v2.41/bin/bin/../../lib/gcc/pic32c/6.2.1/../../../../pic32c/lib/v7e-m/fpv5/hard\libpic32c.a(_read.o)
 .debug_aranges
                0x00000c98       0x20 c:/program files/microchip/xc32/v2.41/bin/bin/../../lib/gcc/pic32c/6.2.1/../../../../pic32c/lib/v7e-m/fpv5/hard\libpic32c.a(sbrk.o)
 .debug_aranges
                0x00000cb8       0x20 c:/program files/microchip/xc32/v2.41/bin/bin/../../lib/gcc/pic32c/6.2.1/../../../../pic32c/lib/v7e-m/fpv5/hard\libpic32c.a(_write.o)
 .debug_aranges
                0x00000cd8       0x20 c:/program files/microchip/xc32/v2.41/bin/bin/../../lib/gcc/pic32c/6.2.1/../../../../pic32c/lib/v7e-m/fpv5/hard\libpic32c.a(close.o)
 .debug_aranges
                0x00000cf8       0x20 c:/program files/microchip/xc32/v2.41/bin/bin/../../lib/gcc/pic32c/6.2.1/../../../../pic32c/lib/v7e-m/fpv5/hard\libpic32c.a(fstat.o)
 .debug_aranges
                0x00000d18       0x20 c:/program files/microchip/xc32/v2.41/bin/bin/../../lib/gcc/pic32c/6.2.1/../../../../pic32c/lib/v7e-m/fpv5/hard\libpic32c.a(isatty.o)
 .debug_aranges
                0x00000d38       0x20 c:/program files/microchip/xc32/v2.41/bin/bin/../../lib/gcc/pic32c/6.2.1/../../../../pic32c/lib/v7e-m/fpv5/hard\libpic32c.a(lseek.o)
 .debug_aranges
                0x00000d58       0x20 c:/program files/microchip/xc32/v2.41/bin/bin/../../lib/gcc/pic32c/6.2.1/../../../../pic32c/lib/v7e-m/fpv5/hard\libpic32c.a(read.o)
 .debug_aranges
                0x00000d78       0x20 c:/program files/microchip/xc32/v2.41/bin/bin/../../lib/gcc/pic32c/6.2.1/../../../../pic32c/lib/v7e-m/fpv5/hard\libpic32c.a(write.o)

.debug_ranges   0x00000000      0xc68
 .debug_ranges  0x00000000       0x20 build/default/debug/_ext/60165520/plib_clk.o
 .debug_ranges  0x00000020       0x50 build/default/debug/_ext/60167248/plib_efc.o
 .debug_ranges  0x00000070       0x28 build/default/debug/_ext/1865468468/plib_nvic.o
 .debug_ranges  0x00000098       0x50 build/default/debug/_ext/60177924/plib_pio.o
 .debug_ranges  0x000000e8       0x60 build/default/debug/_ext/60180192/plib_rtt.o
 .debug_ranges  0x00000148       0x60 build/default/debug/_ext/2001315827/plib_usart1.o
 .debug_ranges  0x000001a8       0x18 build/default/debug/_ext/163028504/xc32_monitor.o
 .debug_ranges  0x000001c0       0x48 build/default/debug/_ext/1881668453/sys_int.o
 .debug_ranges  0x00000208      0x160 build/default/debug/_ext/101884895/sys_time.o
 .debug_ranges  0x00000368       0x10 build/default/debug/_ext/1171490990/initialization.o
 .debug_ranges  0x00000378       0x10 build/default/debug/_ext/1171490990/interrupts.o
 .debug_ranges  0x00000388       0x38 build/default/debug/_ext/1171490990/exceptions.o
 .debug_ranges  0x000003c0       0x28 build/default/debug/_ext/1171490990/startup_xc32.o
 .debug_ranges  0x000003e8       0x10 build/default/debug/_ext/1171490990/tasks.o
 .debug_ranges  0x000003f8       0xb0 build/default/debug/_ext/1360937237/aws_bootloader.o
 .debug_ranges  0x000004a8       0x28 build/default/debug/_ext/1360937237/aws_crc.o
 .debug_ranges  0x000004d0       0x58 build/default/debug/_ext/1360937237/aws_nvm.o
 .debug_ranges  0x00000528       0x10 build/default/debug/_ext/1360937237/main.o
 .debug_ranges  0x00000538       0x30 build/default/debug/_ext/1360937237/app.o
 .debug_ranges  0x00000568       0x10 c:/program files/microchip/xc32/v2.41/bin/bin/../../lib/gcc/pic32c/6.2.1/../../../../pic32c/lib/v7e-m/fpv5/hard\libpic32c.a(data_init.o)
 .debug_ranges  0x00000578       0x10 c:/program files/microchip/xc32/v2.41/bin/bin/../../lib/gcc/pic32c/6.2.1/../../../../pic32c/lib/v7e-m/fpv5/hard\libg_nano.a(lib_a-init.o)
 .debug_ranges  0x00000588       0x10 c:/program files/microchip/xc32/v2.41/bin/bin/../../lib/gcc/pic32c/6.2.1/../../../../pic32c/lib/v7e-m/fpv5/hard\libg_nano.a(lib_a-memcmp.o)
 .debug_ranges  0x00000598       0x10 c:/program files/microchip/xc32/v2.41/bin/bin/../../lib/gcc/pic32c/6.2.1/../../../../pic32c/lib/v7e-m/fpv5/hard\libg_nano.a(lib_a-memcpy-stub.o)
 .debug_ranges  0x000005a8       0x10 c:/program files/microchip/xc32/v2.41/bin/bin/../../lib/gcc/pic32c/6.2.1/../../../../pic32c/lib/v7e-m/fpv5/hard\libg_nano.a(lib_a-memset.o)
 .debug_ranges  0x000005b8       0x10 c:/program files/microchip/xc32/v2.41/bin/bin/../../lib/gcc/pic32c/6.2.1/../../../../pic32c/lib/v7e-m/fpv5/hard\libg_nano.a(_lib_a-printf.cdnopsuxX.o)
 .debug_ranges  0x000005c8       0x68 c:/program files/microchip/xc32/v2.41/bin/bin/../../lib/gcc/pic32c/6.2.1/../../../../pic32c/lib/v7e-m/fpv5/hard\libg_nano.a(lib_a-puts.o)
 .debug_ranges  0x00000630       0x10 c:/program files/microchip/xc32/v2.41/bin/bin/../../lib/gcc/pic32c/6.2.1/../../../../pic32c/lib/v7e-m/fpv5/hard\libg_nano.a(lib_a-strncpy.o)
 .debug_ranges  0x00000640       0x30 c:/program files/microchip/xc32/v2.41/bin/bin/../../lib/gcc/pic32c/6.2.1/../../../../pic32c/lib/v7e-m/fpv5/hard\libg_nano.a(lib_a-wbuf.o)
 .debug_ranges  0x00000670       0x38 c:/program files/microchip/xc32/v2.41/bin/bin/../../lib/gcc/pic32c/6.2.1/../../../../pic32c/lib/v7e-m/fpv5/hard\libg_nano.a(lib_a-wsetup.o)
 .debug_ranges  0x000006a8       0x68 c:/program files/microchip/xc32/v2.41/bin/bin/../../lib/gcc/pic32c/6.2.1/../../../../pic32c/lib/v7e-m/fpv5/hard\libg_nano.a(lib_a-fflush.o)
 .debug_ranges  0x00000710       0x38 c:/program files/microchip/xc32/v2.41/bin/bin/../../lib/gcc/pic32c/6.2.1/../../../../pic32c/lib/v7e-m/fpv5/hard\libg_nano.a(lib_a-findfp.o)
 .debug_ranges  0x00000748       0x18 c:/program files/microchip/xc32/v2.41/bin/bin/../../lib/gcc/pic32c/6.2.1/../../../../pic32c/lib/v7e-m/fpv5/hard\libg_nano.a(lib_a-fwalk.o)
 .debug_ranges  0x00000760       0x30 c:/program files/microchip/xc32/v2.41/bin/bin/../../lib/gcc/pic32c/6.2.1/../../../../pic32c/lib/v7e-m/fpv5/hard\libg_nano.a(lib_a-makebuf.o)
 .debug_ranges  0x00000790       0x10 c:/program files/microchip/xc32/v2.41/bin/bin/../../lib/gcc/pic32c/6.2.1/../../../../pic32c/lib/v7e-m/fpv5/hard\libg_nano.a(lib_a-nano-freer.o)
 .debug_ranges  0x000007a0       0x58 c:/program files/microchip/xc32/v2.41/bin/bin/../../lib/gcc/pic32c/6.2.1/../../../../pic32c/lib/v7e-m/fpv5/hard\libg_nano.a(lib_a-nano-mallocr.o)
 .debug_ranges  0x000007f8       0xe0 c:/program files/microchip/xc32/v2.41/bin/bin/../../lib/gcc/pic32c/6.2.1/../../../../pic32c/lib/v7e-m/fpv5/hard\libg_nano.a(_lib_a-nano-vfprintf.cdnopsuxX.o)
 .debug_ranges  0x000008d8       0xc8 c:/program files/microchip/xc32/v2.41/bin/bin/../../lib/gcc/pic32c/6.2.1/../../../../pic32c/lib/v7e-m/fpv5/hard\libg_nano.a(lib_a-nano-vfprintf_i.o)
 .debug_ranges  0x000009a0       0x10 c:/program files/microchip/xc32/v2.41/bin/bin/../../lib/gcc/pic32c/6.2.1/../../../../pic32c/lib/v7e-m/fpv5/hard\libg_nano.a(lib_a-sbrkr.o)
 .debug_ranges  0x000009b0       0x30 c:/program files/microchip/xc32/v2.41/bin/bin/../../lib/gcc/pic32c/6.2.1/../../../../pic32c/lib/v7e-m/fpv5/hard\libg_nano.a(lib_a-__ssfputs.o)
 .debug_ranges  0x000009e0       0x30 c:/program files/microchip/xc32/v2.41/bin/bin/../../lib/gcc/pic32c/6.2.1/../../../../pic32c/lib/v7e-m/fpv5/hard\libg_nano.a(lib_a-stdio.o)
 .debug_ranges  0x00000a10       0x10 c:/program files/microchip/xc32/v2.41/bin/bin/../../lib/gcc/pic32c/6.2.1/../../../../pic32c/lib/v7e-m/fpv5/hard\libg_nano.a(lib_a-writer.o)
 .debug_ranges  0x00000a20       0x10 c:/program files/microchip/xc32/v2.41/bin/bin/../../lib/gcc/pic32c/6.2.1/../../../../pic32c/lib/v7e-m/fpv5/hard\libg_nano.a(lib_a-closer.o)
 .debug_ranges  0x00000a30       0x58 c:/program files/microchip/xc32/v2.41/bin/bin/../../lib/gcc/pic32c/6.2.1/../../../../pic32c/lib/v7e-m/fpv5/hard\libg_nano.a(lib_a-fputwc.o)
 .debug_ranges  0x00000a88       0x10 c:/program files/microchip/xc32/v2.41/bin/bin/../../lib/gcc/pic32c/6.2.1/../../../../pic32c/lib/v7e-m/fpv5/hard\libg_nano.a(lib_a-fstatr.o)
 .debug_ranges  0x00000a98       0x10 c:/program files/microchip/xc32/v2.41/bin/bin/../../lib/gcc/pic32c/6.2.1/../../../../pic32c/lib/v7e-m/fpv5/hard\libg_nano.a(lib_a-isattyr.o)
 .debug_ranges  0x00000aa8       0x30 c:/program files/microchip/xc32/v2.41/bin/bin/../../lib/gcc/pic32c/6.2.1/../../../../pic32c/lib/v7e-m/fpv5/hard\libg_nano.a(lib_a-locale.o)
 .debug_ranges  0x00000ad8       0x10 c:/program files/microchip/xc32/v2.41/bin/bin/../../lib/gcc/pic32c/6.2.1/../../../../pic32c/lib/v7e-m/fpv5/hard\libg_nano.a(lib_a-lseekr.o)
 .debug_ranges  0x00000ae8       0x18 c:/program files/microchip/xc32/v2.41/bin/bin/../../lib/gcc/pic32c/6.2.1/../../../../pic32c/lib/v7e-m/fpv5/hard\libg_nano.a(lib_a-mbtowc_r.o)
 .debug_ranges  0x00000b00       0x10 c:/program files/microchip/xc32/v2.41/bin/bin/../../lib/gcc/pic32c/6.2.1/../../../../pic32c/lib/v7e-m/fpv5/hard\libg_nano.a(lib_a-mlock.o)
 .debug_ranges  0x00000b10       0x10 c:/program files/microchip/xc32/v2.41/bin/bin/../../lib/gcc/pic32c/6.2.1/../../../../pic32c/lib/v7e-m/fpv5/hard\libg_nano.a(lib_a-readr.o)
 .debug_ranges  0x00000b20       0x48 c:/program files/microchip/xc32/v2.41/bin/bin/../../lib/gcc/pic32c/6.2.1/../../../../pic32c/lib/v7e-m/fpv5/hard\libg_nano.a(lib_a-reent.o)
 .debug_ranges  0x00000b68       0x18 c:/program files/microchip/xc32/v2.41/bin/bin/../../lib/gcc/pic32c/6.2.1/../../../../pic32c/lib/v7e-m/fpv5/hard\libg_nano.a(lib_a-wcrtomb.o)
 .debug_ranges  0x00000b80       0x18 c:/program files/microchip/xc32/v2.41/bin/bin/../../lib/gcc/pic32c/6.2.1/../../../../pic32c/lib/v7e-m/fpv5/hard\libg_nano.a(lib_a-wctomb_r.o)
 .debug_ranges  0x00000b98       0x10 c:/program files/microchip/xc32/v2.41/bin/bin/../../lib/gcc/pic32c/6.2.1/../../../../pic32c/lib/v7e-m/fpv5/hard\libpic32c.a(_close.o)
 .debug_ranges  0x00000ba8       0x10 c:/program files/microchip/xc32/v2.41/bin/bin/../../lib/gcc/pic32c/6.2.1/../../../../pic32c/lib/v7e-m/fpv5/hard\libpic32c.a(_fstat.o)
 .debug_ranges  0x00000bb8       0x10 c:/program files/microchip/xc32/v2.41/bin/bin/../../lib/gcc/pic32c/6.2.1/../../../../pic32c/lib/v7e-m/fpv5/hard\libpic32c.a(_isatty.o)
 .debug_ranges  0x00000bc8       0x10 c:/program files/microchip/xc32/v2.41/bin/bin/../../lib/gcc/pic32c/6.2.1/../../../../pic32c/lib/v7e-m/fpv5/hard\libpic32c.a(_lseek.o)
 .debug_ranges  0x00000bd8       0x10 c:/program files/microchip/xc32/v2.41/bin/bin/../../lib/gcc/pic32c/6.2.1/../../../../pic32c/lib/v7e-m/fpv5/hard\libpic32c.a(_read.o)
 .debug_ranges  0x00000be8       0x10 c:/program files/microchip/xc32/v2.41/bin/bin/../../lib/gcc/pic32c/6.2.1/../../../../pic32c/lib/v7e-m/fpv5/hard\libpic32c.a(sbrk.o)
 .debug_ranges  0x00000bf8       0x10 c:/program files/microchip/xc32/v2.41/bin/bin/../../lib/gcc/pic32c/6.2.1/../../../../pic32c/lib/v7e-m/fpv5/hard\libpic32c.a(_write.o)
 .debug_ranges  0x00000c08       0x10 c:/program files/microchip/xc32/v2.41/bin/bin/../../lib/gcc/pic32c/6.2.1/../../../../pic32c/lib/v7e-m/fpv5/hard\libpic32c.a(close.o)
 .debug_ranges  0x00000c18       0x10 c:/program files/microchip/xc32/v2.41/bin/bin/../../lib/gcc/pic32c/6.2.1/../../../../pic32c/lib/v7e-m/fpv5/hard\libpic32c.a(fstat.o)
 .debug_ranges  0x00000c28       0x10 c:/program files/microchip/xc32/v2.41/bin/bin/../../lib/gcc/pic32c/6.2.1/../../../../pic32c/lib/v7e-m/fpv5/hard\libpic32c.a(isatty.o)
 .debug_ranges  0x00000c38       0x10 c:/program files/microchip/xc32/v2.41/bin/bin/../../lib/gcc/pic32c/6.2.1/../../../../pic32c/lib/v7e-m/fpv5/hard\libpic32c.a(lseek.o)
 .debug_ranges  0x00000c48       0x10 c:/program files/microchip/xc32/v2.41/bin/bin/../../lib/gcc/pic32c/6.2.1/../../../../pic32c/lib/v7e-m/fpv5/hard\libpic32c.a(read.o)
 .debug_ranges  0x00000c58       0x10 c:/program files/microchip/xc32/v2.41/bin/bin/../../lib/gcc/pic32c/6.2.1/../../../../pic32c/lib/v7e-m/fpv5/hard\libpic32c.a(write.o)

.debug_line     0x00000000     0x9446
 .debug_line    0x00000000      0x194 build/default/debug/_ext/60165520/plib_clk.o
 .debug_line    0x00000194      0x2a2 build/default/debug/_ext/60167248/plib_efc.o
 .debug_line    0x00000436      0x1c3 build/default/debug/_ext/1865468468/plib_nvic.o
 .debug_line    0x000005f9      0x237 build/default/debug/_ext/60177924/plib_pio.o
 .debug_line    0x00000830      0x248 build/default/debug/_ext/60180192/plib_rtt.o
 .debug_line    0x00000a78      0x2c9 build/default/debug/_ext/2001315827/plib_usart1.o
 .debug_line    0x00000d41      0x247 build/default/debug/_ext/163028504/xc32_monitor.o
 .debug_line    0x00000f88      0x285 build/default/debug/_ext/1881668453/sys_int.o
 .debug_line    0x0000120d      0x7f0 build/default/debug/_ext/101884895/sys_time.o
 .debug_line    0x000019fd      0x303 build/default/debug/_ext/1171490990/initialization.o
 .debug_line    0x00001d00      0x241 build/default/debug/_ext/1171490990/interrupts.o
 .debug_line    0x00001f41      0x26b build/default/debug/_ext/1171490990/exceptions.o
 .debug_line    0x000021ac      0x301 build/default/debug/_ext/1171490990/startup_xc32.o
 .debug_line    0x000024ad      0x20f build/default/debug/_ext/1171490990/tasks.o
 .debug_line    0x000026bc      0x520 build/default/debug/_ext/1360937237/aws_bootloader.o
 .debug_line    0x00002bdc      0x1c3 build/default/debug/_ext/1360937237/aws_crc.o
 .debug_line    0x00002d9f      0x2ee build/default/debug/_ext/1360937237/aws_nvm.o
 .debug_line    0x0000308d      0x212 build/default/debug/_ext/1360937237/main.o
 .debug_line    0x0000329f      0x168 build/default/debug/_ext/1360937237/app.o
 .debug_line    0x00003407       0xd8 c:/program files/microchip/xc32/v2.41/bin/bin/../../lib/gcc/pic32c/6.2.1/../../../../pic32c/lib/v7e-m/fpv5/hard\libpic32c.a(data_init.o)
 .debug_line    0x000034df      0x11d c:/program files/microchip/xc32/v2.41/bin/bin/../../lib/gcc/pic32c/6.2.1/../../../../pic32c/lib/v7e-m/fpv5/hard\libg_nano.a(lib_a-init.o)
 .debug_line    0x000035fc      0x20a c:/program files/microchip/xc32/v2.41/bin/bin/../../lib/gcc/pic32c/6.2.1/../../../../pic32c/lib/v7e-m/fpv5/hard\libg_nano.a(lib_a-memcmp.o)
 .debug_line    0x00003806      0x218 c:/program files/microchip/xc32/v2.41/bin/bin/../../lib/gcc/pic32c/6.2.1/../../../../pic32c/lib/v7e-m/fpv5/hard\libg_nano.a(lib_a-memcpy-stub.o)
 .debug_line    0x00003a1e      0x2ae c:/program files/microchip/xc32/v2.41/bin/bin/../../lib/gcc/pic32c/6.2.1/../../../../pic32c/lib/v7e-m/fpv5/hard\libg_nano.a(lib_a-memset.o)
 .debug_line    0x00003ccc      0x1c8 c:/program files/microchip/xc32/v2.41/bin/bin/../../lib/gcc/pic32c/6.2.1/../../../../pic32c/lib/v7e-m/fpv5/hard\libg_nano.a(_lib_a-printf.cdnopsuxX.o)
 .debug_line    0x00003e94      0x295 c:/program files/microchip/xc32/v2.41/bin/bin/../../lib/gcc/pic32c/6.2.1/../../../../pic32c/lib/v7e-m/fpv5/hard\libg_nano.a(lib_a-puts.o)
 .debug_line    0x00004129      0x20e c:/program files/microchip/xc32/v2.41/bin/bin/../../lib/gcc/pic32c/6.2.1/../../../../pic32c/lib/v7e-m/fpv5/hard\libg_nano.a(lib_a-strncpy.o)
 .debug_line    0x00004337      0x277 c:/program files/microchip/xc32/v2.41/bin/bin/../../lib/gcc/pic32c/6.2.1/../../../../pic32c/lib/v7e-m/fpv5/hard\libg_nano.a(lib_a-wbuf.o)
 .debug_line    0x000045ae      0x260 c:/program files/microchip/xc32/v2.41/bin/bin/../../lib/gcc/pic32c/6.2.1/../../../../pic32c/lib/v7e-m/fpv5/hard\libg_nano.a(lib_a-wsetup.o)
 .debug_line    0x0000480e      0x2cc c:/program files/microchip/xc32/v2.41/bin/bin/../../lib/gcc/pic32c/6.2.1/../../../../pic32c/lib/v7e-m/fpv5/hard\libg_nano.a(lib_a-fflush.o)
 .debug_line    0x00004ada      0x301 c:/program files/microchip/xc32/v2.41/bin/bin/../../lib/gcc/pic32c/6.2.1/../../../../pic32c/lib/v7e-m/fpv5/hard\libg_nano.a(lib_a-findfp.o)
 .debug_line    0x00004ddb      0x265 c:/program files/microchip/xc32/v2.41/bin/bin/../../lib/gcc/pic32c/6.2.1/../../../../pic32c/lib/v7e-m/fpv5/hard\libg_nano.a(lib_a-fwalk.o)
 .debug_line    0x00005040      0x17e c:/program files/microchip/xc32/v2.41/bin/bin/../../lib/gcc/pic32c/6.2.1/../../../../pic32c/lib/v7e-m/fpv5/hard\libg_nano.a(lib_a-impure.o)
 .debug_line    0x000051be      0x32c c:/program files/microchip/xc32/v2.41/bin/bin/../../lib/gcc/pic32c/6.2.1/../../../../pic32c/lib/v7e-m/fpv5/hard\libg_nano.a(lib_a-makebuf.o)
 .debug_line    0x000054ea      0x1dc c:/program files/microchip/xc32/v2.41/bin/bin/../../lib/gcc/pic32c/6.2.1/../../../../pic32c/lib/v7e-m/fpv5/hard\libg_nano.a(lib_a-nano-freer.o)
 .debug_line    0x000056c6      0x257 c:/program files/microchip/xc32/v2.41/bin/bin/../../lib/gcc/pic32c/6.2.1/../../../../pic32c/lib/v7e-m/fpv5/hard\libg_nano.a(lib_a-nano-mallocr.o)
 .debug_line    0x0000591d      0x3c8 c:/program files/microchip/xc32/v2.41/bin/bin/../../lib/gcc/pic32c/6.2.1/../../../../pic32c/lib/v7e-m/fpv5/hard\libg_nano.a(_lib_a-nano-vfprintf.cdnopsuxX.o)
 .debug_line    0x00005ce5      0x48d c:/program files/microchip/xc32/v2.41/bin/bin/../../lib/gcc/pic32c/6.2.1/../../../../pic32c/lib/v7e-m/fpv5/hard\libg_nano.a(lib_a-nano-vfprintf_i.o)
 .debug_line    0x00006172      0x212 c:/program files/microchip/xc32/v2.41/bin/bin/../../lib/gcc/pic32c/6.2.1/../../../../pic32c/lib/v7e-m/fpv5/hard\libg_nano.a(lib_a-sbrkr.o)
 .debug_line    0x00006384      0x364 c:/program files/microchip/xc32/v2.41/bin/bin/../../lib/gcc/pic32c/6.2.1/../../../../pic32c/lib/v7e-m/fpv5/hard\libg_nano.a(lib_a-__ssfputs.o)
 .debug_line    0x000066e8      0x2a9 c:/program files/microchip/xc32/v2.41/bin/bin/../../lib/gcc/pic32c/6.2.1/../../../../pic32c/lib/v7e-m/fpv5/hard\libg_nano.a(lib_a-stdio.o)
 .debug_line    0x00006991      0x212 c:/program files/microchip/xc32/v2.41/bin/bin/../../lib/gcc/pic32c/6.2.1/../../../../pic32c/lib/v7e-m/fpv5/hard\libg_nano.a(lib_a-writer.o)
 .debug_line    0x00006ba3      0x213 c:/program files/microchip/xc32/v2.41/bin/bin/../../lib/gcc/pic32c/6.2.1/../../../../pic32c/lib/v7e-m/fpv5/hard\libg_nano.a(lib_a-closer.o)
 .debug_line    0x00006db6      0x2a8 c:/program files/microchip/xc32/v2.41/bin/bin/../../lib/gcc/pic32c/6.2.1/../../../../pic32c/lib/v7e-m/fpv5/hard\libg_nano.a(lib_a-fputwc.o)
 .debug_line    0x0000705e      0x2c1 c:/program files/microchip/xc32/v2.41/bin/bin/../../lib/gcc/pic32c/6.2.1/../../../../pic32c/lib/v7e-m/fpv5/hard\libg_nano.a(lib_a-fstatr.o)
 .debug_line    0x0000731f      0x214 c:/program files/microchip/xc32/v2.41/bin/bin/../../lib/gcc/pic32c/6.2.1/../../../../pic32c/lib/v7e-m/fpv5/hard\libg_nano.a(lib_a-isattyr.o)
 .debug_line    0x00007533      0x327 c:/program files/microchip/xc32/v2.41/bin/bin/../../lib/gcc/pic32c/6.2.1/../../../../pic32c/lib/v7e-m/fpv5/hard\libg_nano.a(lib_a-locale.o)
 .debug_line    0x0000785a      0x212 c:/program files/microchip/xc32/v2.41/bin/bin/../../lib/gcc/pic32c/6.2.1/../../../../pic32c/lib/v7e-m/fpv5/hard\libg_nano.a(lib_a-lseekr.o)
 .debug_line    0x00007a6c      0x2d5 c:/program files/microchip/xc32/v2.41/bin/bin/../../lib/gcc/pic32c/6.2.1/../../../../pic32c/lib/v7e-m/fpv5/hard\libg_nano.a(lib_a-mbtowc_r.o)
 .debug_line    0x00007d41       0xda c:/program files/microchip/xc32/v2.41/bin/bin/../../lib/gcc/pic32c/6.2.1/../../../../pic32c/lib/v7e-m/fpv5/hard\libg_nano.a(lib_a-memchr.o)
 .debug_line    0x00007e1b      0x18d c:/program files/microchip/xc32/v2.41/bin/bin/../../lib/gcc/pic32c/6.2.1/../../../../pic32c/lib/v7e-m/fpv5/hard\libg_nano.a(lib_a-mlock.o)
 .debug_line    0x00007fa8      0x211 c:/program files/microchip/xc32/v2.41/bin/bin/../../lib/gcc/pic32c/6.2.1/../../../../pic32c/lib/v7e-m/fpv5/hard\libg_nano.a(lib_a-readr.o)
 .debug_line    0x000081b9      0x241 c:/program files/microchip/xc32/v2.41/bin/bin/../../lib/gcc/pic32c/6.2.1/../../../../pic32c/lib/v7e-m/fpv5/hard\libg_nano.a(lib_a-reent.o)
 .debug_line    0x000083fa      0x2db c:/program files/microchip/xc32/v2.41/bin/bin/../../lib/gcc/pic32c/6.2.1/../../../../pic32c/lib/v7e-m/fpv5/hard\libg_nano.a(lib_a-wcrtomb.o)
 .debug_line    0x000086d5      0x2d4 c:/program files/microchip/xc32/v2.41/bin/bin/../../lib/gcc/pic32c/6.2.1/../../../../pic32c/lib/v7e-m/fpv5/hard\libg_nano.a(lib_a-wctomb_r.o)
 .debug_line    0x000089a9      0x21e c:/program files/microchip/xc32/v2.41/bin/bin/../../lib/gcc/pic32c/6.2.1/../../../../pic32c/lib/v7e-m/fpv5/hard\libg_nano.a(lib_a-ctype_.o)
 .debug_line    0x00008bc7       0x9c c:/program files/microchip/xc32/v2.41/bin/bin/../../lib/gcc/pic32c/6.2.1/../../../../pic32c/lib/v7e-m/fpv5/hard\libpic32c.a(_close.o)
 .debug_line    0x00008c63       0x9c c:/program files/microchip/xc32/v2.41/bin/bin/../../lib/gcc/pic32c/6.2.1/../../../../pic32c/lib/v7e-m/fpv5/hard\libpic32c.a(_fstat.o)
 .debug_line    0x00008cff       0x9d c:/program files/microchip/xc32/v2.41/bin/bin/../../lib/gcc/pic32c/6.2.1/../../../../pic32c/lib/v7e-m/fpv5/hard\libpic32c.a(_isatty.o)
 .debug_line    0x00008d9c       0x9c c:/program files/microchip/xc32/v2.41/bin/bin/../../lib/gcc/pic32c/6.2.1/../../../../pic32c/lib/v7e-m/fpv5/hard\libpic32c.a(_lseek.o)
 .debug_line    0x00008e38       0x9b c:/program files/microchip/xc32/v2.41/bin/bin/../../lib/gcc/pic32c/6.2.1/../../../../pic32c/lib/v7e-m/fpv5/hard\libpic32c.a(_read.o)
 .debug_line    0x00008ed3       0xa2 c:/program files/microchip/xc32/v2.41/bin/bin/../../lib/gcc/pic32c/6.2.1/../../../../pic32c/lib/v7e-m/fpv5/hard\libpic32c.a(sbrk.o)
 .debug_line    0x00008f75       0x9c c:/program files/microchip/xc32/v2.41/bin/bin/../../lib/gcc/pic32c/6.2.1/../../../../pic32c/lib/v7e-m/fpv5/hard\libpic32c.a(_write.o)
 .debug_line    0x00009011       0x9b c:/program files/microchip/xc32/v2.41/bin/bin/../../lib/gcc/pic32c/6.2.1/../../../../pic32c/lib/v7e-m/fpv5/hard\libpic32c.a(close.o)
 .debug_line    0x000090ac      0x102 c:/program files/microchip/xc32/v2.41/bin/bin/../../lib/gcc/pic32c/6.2.1/../../../../pic32c/lib/v7e-m/fpv5/hard\libpic32c.a(fstat.o)
 .debug_line    0x000091ae       0x9c c:/program files/microchip/xc32/v2.41/bin/bin/../../lib/gcc/pic32c/6.2.1/../../../../pic32c/lib/v7e-m/fpv5/hard\libpic32c.a(isatty.o)
 .debug_line    0x0000924a       0x9b c:/program files/microchip/xc32/v2.41/bin/bin/../../lib/gcc/pic32c/6.2.1/../../../../pic32c/lib/v7e-m/fpv5/hard\libpic32c.a(lseek.o)
 .debug_line    0x000092e5       0xad c:/program files/microchip/xc32/v2.41/bin/bin/../../lib/gcc/pic32c/6.2.1/../../../../pic32c/lib/v7e-m/fpv5/hard\libpic32c.a(read.o)
 .debug_line    0x00009392       0xb4 c:/program files/microchip/xc32/v2.41/bin/bin/../../lib/gcc/pic32c/6.2.1/../../../../pic32c/lib/v7e-m/fpv5/hard\libpic32c.a(write.o)

.debug_str      0x00000000      0xf5c
 .debug_str     0x00000000        0x0 build/default/debug/_ext/60165520/plib_clk.o
 .debug_str     0x00000000       0x22 build/default/debug/_ext/60167248/plib_efc.o
 .debug_str     0x00000022       0x28 build/default/debug/_ext/1865468468/plib_nvic.o
 .debug_str     0x0000004a       0x46 build/default/debug/_ext/60177924/plib_pio.o
 .debug_str     0x00000090        0x9 build/default/debug/_ext/60180192/plib_rtt.o
 .debug_str     0x00000099       0x15 build/default/debug/_ext/2001315827/plib_usart1.o
 .debug_str     0x000000ae        0xe build/default/debug/_ext/163028504/xc32_monitor.o
 .debug_str     0x000000bc       0x10 build/default/debug/_ext/1881668453/sys_int.o
 .debug_str     0x000000cc      0x118 build/default/debug/_ext/101884895/sys_time.o
 .debug_str     0x000001e4        0xe build/default/debug/_ext/1171490990/initialization.o
 .debug_str     0x000001f2        0xe build/default/debug/_ext/1171490990/interrupts.o
 .debug_str     0x00000200        0xe build/default/debug/_ext/1171490990/exceptions.o
 .debug_str     0x0000020e        0xe build/default/debug/_ext/1171490990/startup_xc32.o
 .debug_str     0x0000021c        0xe build/default/debug/_ext/1171490990/tasks.o
 .debug_str     0x0000022a       0x86 build/default/debug/_ext/1360937237/aws_bootloader.o
 .debug_str     0x000002b0        0xe build/default/debug/_ext/1360937237/aws_crc.o
 .debug_str     0x000002be       0x53 build/default/debug/_ext/1360937237/aws_nvm.o
 .debug_str     0x00000311        0xe build/default/debug/_ext/1360937237/main.o
 .debug_str     0x0000031f        0xe build/default/debug/_ext/1360937237/app.o
 .debug_str     0x0000032d        0x0 c:/program files/microchip/xc32/v2.41/bin/bin/../../lib/gcc/pic32c/6.2.1/../../../../pic32c/lib/v7e-m/fpv5/hard\libpic32c.a(data_init.o)
 .debug_str     0x0000032d        0x0 c:/program files/microchip/xc32/v2.41/bin/bin/../../lib/gcc/pic32c/6.2.1/../../../../pic32c/lib/v7e-m/fpv5/hard\libg_nano.a(lib_a-init.o)
 .debug_str     0x0000032d        0x9 c:/program files/microchip/xc32/v2.41/bin/bin/../../lib/gcc/pic32c/6.2.1/../../../../pic32c/lib/v7e-m/fpv5/hard\libg_nano.a(lib_a-memcmp.o)
 .debug_str     0x00000336        0x9 c:/program files/microchip/xc32/v2.41/bin/bin/../../lib/gcc/pic32c/6.2.1/../../../../pic32c/lib/v7e-m/fpv5/hard\libg_nano.a(lib_a-memcpy-stub.o)
 .debug_str     0x0000033f      0x114 c:/program files/microchip/xc32/v2.41/bin/bin/../../lib/gcc/pic32c/6.2.1/../../../../pic32c/lib/v7e-m/fpv5/hard\libg_nano.a(lib_a-memset.o)
 .debug_str     0x00000453       0x1d c:/program files/microchip/xc32/v2.41/bin/bin/../../lib/gcc/pic32c/6.2.1/../../../../pic32c/lib/v7e-m/fpv5/hard\libg_nano.a(_lib_a-printf.cdnopsuxX.o)
 .debug_str     0x00000470       0x1f c:/program files/microchip/xc32/v2.41/bin/bin/../../lib/gcc/pic32c/6.2.1/../../../../pic32c/lib/v7e-m/fpv5/hard\libg_nano.a(lib_a-puts.o)
 .debug_str     0x0000048f        0x9 c:/program files/microchip/xc32/v2.41/bin/bin/../../lib/gcc/pic32c/6.2.1/../../../../pic32c/lib/v7e-m/fpv5/hard\libg_nano.a(lib_a-strncpy.o)
 .debug_str     0x00000498       0x1f c:/program files/microchip/xc32/v2.41/bin/bin/../../lib/gcc/pic32c/6.2.1/../../../../pic32c/lib/v7e-m/fpv5/hard\libg_nano.a(lib_a-wbuf.o)
 .debug_str     0x000004b7       0x16 c:/program files/microchip/xc32/v2.41/bin/bin/../../lib/gcc/pic32c/6.2.1/../../../../pic32c/lib/v7e-m/fpv5/hard\libg_nano.a(lib_a-wsetup.o)
 .debug_str     0x000004cd       0x16 c:/program files/microchip/xc32/v2.41/bin/bin/../../lib/gcc/pic32c/6.2.1/../../../../pic32c/lib/v7e-m/fpv5/hard\libg_nano.a(lib_a-fflush.o)
 .debug_str     0x000004e3       0x20 c:/program files/microchip/xc32/v2.41/bin/bin/../../lib/gcc/pic32c/6.2.1/../../../../pic32c/lib/v7e-m/fpv5/hard\libg_nano.a(lib_a-findfp.o)
 .debug_str     0x00000503        0x9 c:/program files/microchip/xc32/v2.41/bin/bin/../../lib/gcc/pic32c/6.2.1/../../../../pic32c/lib/v7e-m/fpv5/hard\libg_nano.a(lib_a-fwalk.o)